Archive member included to satisfy reference by file (symbol)

d:/toolchain/gcc-arm-none-eabi-10.3-2021.10/bin/../lib/gcc/arm-none-eabi/10.3.1/../../../../arm-none-eabi/lib/thumb/v7e-m+fp/hard\libstdc++.a(atexit_arm.o)
                              CMakeFiles/innfos_driver_cpp.elf.dir/APP_User/SCA/ne30_task.cpp.obj (__aeabi_atexit)
d:/toolchain/gcc-arm-none-eabi-10.3-2021.10/bin/../lib/gcc/arm-none-eabi/10.3.1/../../../../arm-none-eabi/lib/thumb/v7e-m+fp/hard\libstdc++.a(eh_arm.o)
                              CMakeFiles/innfos_driver_cpp.elf.dir/Sys/cmd.cpp.obj (__cxa_end_cleanup)
d:/toolchain/gcc-arm-none-eabi-10.3-2021.10/bin/../lib/gcc/arm-none-eabi/10.3.1/../../../../arm-none-eabi/lib/thumb/v7e-m+fp/hard\libstdc++.a(eh_exception.o)
                              d:/toolchain/gcc-arm-none-eabi-10.3-2021.10/bin/../lib/gcc/arm-none-eabi/10.3.1/../../../../arm-none-eabi/lib/thumb/v7e-m+fp/hard\libstdc++.a(eh_arm.o) (typeinfo for __cxxabiv1::__forced_unwind)
d:/toolchain/gcc-arm-none-eabi-10.3-2021.10/bin/../lib/gcc/arm-none-eabi/10.3.1/../../../../arm-none-eabi/lib/thumb/v7e-m+fp/hard\libstdc++.a(eh_globals.o)
                              d:/toolchain/gcc-arm-none-eabi-10.3-2021.10/bin/../lib/gcc/arm-none-eabi/10.3.1/../../../../arm-none-eabi/lib/thumb/v7e-m+fp/hard\libstdc++.a(eh_arm.o) (__cxa_get_globals)
d:/toolchain/gcc-arm-none-eabi-10.3-2021.10/bin/../lib/gcc/arm-none-eabi/10.3.1/../../../../arm-none-eabi/lib/thumb/v7e-m+fp/hard\libstdc++.a(eh_personality.o)
                              CMakeFiles/innfos_driver_cpp.elf.dir/Sys/cmd.cpp.obj (__gxx_personality_v0)
d:/toolchain/gcc-arm-none-eabi-10.3-2021.10/bin/../lib/gcc/arm-none-eabi/10.3.1/../../../../arm-none-eabi/lib/thumb/v7e-m+fp/hard\libstdc++.a(eh_terminate.o)
                              d:/toolchain/gcc-arm-none-eabi-10.3-2021.10/bin/../lib/gcc/arm-none-eabi/10.3.1/../../../../arm-none-eabi/lib/thumb/v7e-m+fp/hard\libstdc++.a(eh_arm.o) (std::terminate())
d:/toolchain/gcc-arm-none-eabi-10.3-2021.10/bin/../lib/gcc/arm-none-eabi/10.3.1/../../../../arm-none-eabi/lib/thumb/v7e-m+fp/hard\libstdc++.a(eh_unex_handler.o)
                              d:/toolchain/gcc-arm-none-eabi-10.3-2021.10/bin/../lib/gcc/arm-none-eabi/10.3.1/../../../../arm-none-eabi/lib/thumb/v7e-m+fp/hard\libstdc++.a(eh_terminate.o) (__cxxabiv1::__unexpected_handler)
d:/toolchain/gcc-arm-none-eabi-10.3-2021.10/bin/../lib/gcc/arm-none-eabi/10.3.1/../../../../arm-none-eabi/lib/thumb/v7e-m+fp/hard\libstdc++.a(guard.o)
                              CMakeFiles/innfos_driver_cpp.elf.dir/Sys/cmd.cpp.obj (__cxa_guard_acquire)
d:/toolchain/gcc-arm-none-eabi-10.3-2021.10/bin/../lib/gcc/arm-none-eabi/10.3.1/../../../../arm-none-eabi/lib/thumb/v7e-m+fp/hard\libstdc++.a(guard_error.o)
                              d:/toolchain/gcc-arm-none-eabi-10.3-2021.10/bin/../lib/gcc/arm-none-eabi/10.3.1/../../../../arm-none-eabi/lib/thumb/v7e-m+fp/hard\libstdc++.a(guard.o) (__gnu_cxx::recursive_init_error::~recursive_init_error())
d:/toolchain/gcc-arm-none-eabi-10.3-2021.10/bin/../lib/gcc/arm-none-eabi/10.3.1/../../../../arm-none-eabi/lib/thumb/v7e-m+fp/hard\libstdc++.a(pure.o)
                              d:/toolchain/gcc-arm-none-eabi-10.3-2021.10/bin/../lib/gcc/arm-none-eabi/10.3.1/../../../../arm-none-eabi/lib/thumb/v7e-m+fp/hard\libstdc++.a(eh_exception.o) (__cxa_pure_virtual)
d:/toolchain/gcc-arm-none-eabi-10.3-2021.10/bin/../lib/gcc/arm-none-eabi/10.3.1/../../../../arm-none-eabi/lib/thumb/v7e-m+fp/hard\libstdc++.a(si_class_type_info.o)
                              d:/toolchain/gcc-arm-none-eabi-10.3-2021.10/bin/../lib/gcc/arm-none-eabi/10.3.1/../../../../arm-none-eabi/lib/thumb/v7e-m+fp/hard\libstdc++.a(eh_exception.o) (vtable for __cxxabiv1::__si_class_type_info)
d:/toolchain/gcc-arm-none-eabi-10.3-2021.10/bin/../lib/gcc/arm-none-eabi/10.3.1/../../../../arm-none-eabi/lib/thumb/v7e-m+fp/hard\libstdc++.a(tinfo.o)
                              d:/toolchain/gcc-arm-none-eabi-10.3-2021.10/bin/../lib/gcc/arm-none-eabi/10.3.1/../../../../arm-none-eabi/lib/thumb/v7e-m+fp/hard\libstdc++.a(si_class_type_info.o) (std::type_info::__is_pointer_p() const)
d:/toolchain/gcc-arm-none-eabi-10.3-2021.10/bin/../lib/gcc/arm-none-eabi/10.3.1/../../../../arm-none-eabi/lib/thumb/v7e-m+fp/hard\libstdc++.a(vterminate.o)
                              d:/toolchain/gcc-arm-none-eabi-10.3-2021.10/bin/../lib/gcc/arm-none-eabi/10.3.1/../../../../arm-none-eabi/lib/thumb/v7e-m+fp/hard\libstdc++.a(eh_terminate.o) (__gnu_cxx::__verbose_terminate_handler())
d:/toolchain/gcc-arm-none-eabi-10.3-2021.10/bin/../lib/gcc/arm-none-eabi/10.3.1/../../../../arm-none-eabi/lib/thumb/v7e-m+fp/hard\libstdc++.a(class_type_info.o)
                              d:/toolchain/gcc-arm-none-eabi-10.3-2021.10/bin/../lib/gcc/arm-none-eabi/10.3.1/../../../../arm-none-eabi/lib/thumb/v7e-m+fp/hard\libstdc++.a(si_class_type_info.o) (__cxxabiv1::__class_type_info::__do_upcast(__cxxabiv1::__class_type_info const*, void**) const)
[...]
Memory Configuration

Name             Origin             Length             Attributes
ITCMRAM          0x00000000         0x00010000         xrw
DTCMRAM          0x20000000         0x00020000         xrw
FLASH            0x08000000         0x00100000         xr
RAM_D1           0x24000000         0x00050000         xrw
RAM_D2           0x30000000         0x00008000         xrw
RAM_D3           0x38000000         0x00004000         xrw
*default*        0x00000000         0xffffffff

Linker script and memory map

LOAD d:/toolchain/gcc-arm-none-eabi-10.3-2021.10/bin/../lib/gcc/arm-none-eabi/10.3.1/thumb/v7e-m+fp/hard/crti.o
LOAD d:/toolchain/gcc-arm-none-eabi-10.3-2021.10/bin/../lib/gcc/arm-none-eabi/10.3.1/thumb/v7e-m+fp/hard/crtbegin.o
LOAD d:/toolchain/gcc-arm-none-eabi-10.3-2021.10/bin/../lib/gcc/arm-none-eabi/10.3.1/../../../../arm-none-eabi/lib/thumb/v7e-m+fp/hard/crt0.o
LOAD CMakeFiles/innfos_driver_cpp.elf.dir/APP_User/SCA/innfos_ne30.cpp.obj
LOAD CMakeFiles/innfos_driver_cpp.elf.dir/APP_User/SCA/ne30_task.cpp.obj
LOAD CMakeFiles/innfos_driver_cpp.elf.dir/APP_User/SCA/sca_protocol.c.obj
LOAD CMakeFiles/innfos_driver_cpp.elf.dir/Core/Src/dma.c.obj
LOAD CMakeFiles/innfos_driver_cpp.elf.dir/Core/Src/fdcan.c.obj
LOAD CMakeFiles/innfos_driver_cpp.elf.dir/Core/Src/freertos.c.obj
LOAD CMakeFiles/innfos_driver_cpp.elf.dir/Core/Src/gpio.c.obj
LOAD CMakeFiles/innfos_driver_cpp.elf.dir/Core/Src/main.c.obj
LOAD CMakeFiles/innfos_driver_cpp.elf.dir/Core/Src/memorymap.c.obj
LOAD CMakeFiles/innfos_driver_cpp.elf.dir/Core/Src/stm32h7xx_hal_msp.c.obj
LOAD CMakeFiles/innfos_driver_cpp.elf.dir/Core/Src/stm32h7xx_hal_timebase_tim.c.obj
LOAD CMakeFiles/innfos_driver_cpp.elf.dir/Core/Src/stm32h7xx_it.c.obj
LOAD CMakeFiles/innfos_driver_cpp.elf.dir/Core/Src/syscalls.c.obj
LOAD CMakeFiles/innfos_driver_cpp.elf.dir/Core/Src/sysmem.c.obj
LOAD CMakeFiles/innfos_driver_cpp.elf.dir/Core/Src/system_stm32h7xx.c.obj
LOAD CMakeFiles/innfos_driver_cpp.elf.dir/Core/Src/usart.c.obj
LOAD CMakeFiles/innfos_driver_cpp.elf.dir/Core/Startup/startup_stm32h723vgtx.s.obj
LOAD CMakeFiles/innfos_driver_cpp.elf.dir/Drivers/STM32H7xx_HAL_Driver/Src/stm32h7xx_hal.c.obj
LOAD CMakeFiles/innfos_driver_cpp.elf.dir/Drivers/STM32H7xx_HAL_Driver/Src/stm32h7xx_hal_cortex.c.obj
LOAD CMakeFiles/innfos_driver_cpp.elf.dir/Drivers/STM32H7xx_HAL_Driver/Src/stm32h7xx_hal_dma.c.obj
LOAD CMakeFiles/innfos_driver_cpp.elf.dir/Drivers/STM32H7xx_HAL_Driver/Src/stm32h7xx_hal_dma_ex.c.obj
LOAD CMakeFiles/innfos_driver_cpp.elf.dir/Drivers/STM32H7xx_HAL_Driver/Src/stm32h7xx_hal_exti.c.obj
LOAD CMakeFiles/innfos_driver_cpp.elf.dir/Drivers/STM32H7xx_HAL_Driver/Src/stm32h7xx_hal_fdcan.c.obj
LOAD CMakeFiles/innfos_driver_cpp.elf.dir/Drivers/STM32H7xx_HAL_Driver/Src/stm32h7xx_hal_flash.c.obj
LOAD CMakeFiles/innfos_driver_cpp.elf.dir/Drivers/STM32H7xx_HAL_Driver/Src/stm32h7xx_hal_flash_ex.c.obj
LOAD CMakeFiles/innfos_driver_cpp.elf.dir/Drivers/STM32H7xx_HAL_Driver/Src/stm32h7xx_hal_gpio.c.obj
LOAD CMakeFiles/innfos_driver_cpp.elf.dir/Drivers/STM32H7xx_HAL_Driver/Src/stm32h7xx_hal_hsem.c.obj
LOAD CMakeFiles/innfos_driver_cpp.elf.dir/Drivers/STM32H7xx_HAL_Driver/Src/stm32h7xx_hal_i2c.c.obj
LOAD CMakeFiles/innfos_driver_cpp.elf.dir/Drivers/STM32H7xx_HAL_Driver/Src/stm32h7xx_hal_i2c_ex.c.obj
LOAD CMakeFiles/innfos_driver_cpp.elf.dir/Drivers/STM32H7xx_HAL_Driver/Src/stm32h7xx_hal_mdma.c.obj
LOAD CMakeFiles/innfos_driver_cpp.elf.dir/Drivers/STM32H7xx_HAL_Driver/Src/stm32h7xx_hal_pwr.c.obj
LOAD CMakeFiles/innfos_driver_cpp.elf.dir/Drivers/STM32H7xx_HAL_Driver/Src/stm32h7xx_hal_pwr_ex.c.obj
LOAD CMakeFiles/innfos_driver_cpp.elf.dir/Drivers/STM32H7xx_HAL_Driver/Src/stm32h7xx_hal_rcc.c.obj
LOAD CMakeFiles/innfos_driver_cpp.elf.dir/Drivers/STM32H7xx_HAL_Driver/Src/stm32h7xx_hal_rcc_ex.c.obj
LOAD CMakeFiles/innfos_driver_cpp.elf.dir/Drivers/STM32H7xx_HAL_Driver/Src/stm32h7xx_hal_tim.c.obj
LOAD CMakeFiles/innfos_driver_cpp.elf.dir/Drivers/STM32H7xx_HAL_Driver/Src/stm32h7xx_hal_tim_ex.c.obj
LOAD CMakeFiles/innfos_driver_cpp.elf.dir/Drivers/STM32H7xx_HAL_Driver/Src/stm32h7xx_hal_uart.c.obj
LOAD CMakeFiles/innfos_driver_cpp.elf.dir/Drivers/STM32H7xx_HAL_Driver/Src/stm32h7xx_hal_uart_ex.c.obj
LOAD CMakeFiles/innfos_driver_cpp.elf.dir/Middlewares/Easylogger/elog.c.obj
LOAD CMakeFiles/innfos_driver_cpp.elf.dir/Middlewares/Easylogger/elog_port.c.obj
LOAD CMakeFiles/innfos_driver_cpp.elf.dir/Middlewares/Easylogger/elog_utils.c.obj
LOAD CMakeFiles/innfos_driver_cpp.elf.dir/Middlewares/FreeRTOS_CLI/FreeRTOS_CLI.c.obj
LOAD CMakeFiles/innfos_driver_cpp.elf.dir/Middlewares/FreeRTOS_CLI/Sample-CLI-commands.c.obj
LOAD CMakeFiles/innfos_driver_cpp.elf.dir/Middlewares/FreeRTOS_CLI/UARTCommandConsole.c.obj
LOAD CMakeFiles/innfos_driver_cpp.elf.dir/Middlewares/FreeRTOS_CLI/serial.c.obj
LOAD CMakeFiles/innfos_driver_cpp.elf.dir/Middlewares/Third_Party/FreeRTOS/Source/CMSIS_RTOS/cmsis_os.c.obj
LOAD CMakeFiles/innfos_driver_cpp.elf.dir/Middlewares/Third_Party/FreeRTOS/Source/croutine.c.obj
LOAD CMakeFiles/innfos_driver_cpp.elf.dir/Middlewares/Third_Party/FreeRTOS/Source/event_groups.c.obj
LOAD CMakeFiles/innfos_driver_cpp.elf.dir/Middlewares/Third_Party/FreeRTOS/Source/list.c.obj
LOAD CMakeFiles/innfos_driver_cpp.elf.dir/Middlewares/Third_Party/FreeRTOS/Source/portable/GCC/ARM_CM4F/port.c.obj
LOAD CMakeFiles/innfos_driver_cpp.elf.dir/Middlewares/Third_Party/FreeRTOS/Source/portable/MemMang/heap_4.c.obj
LOAD CMakeFiles/innfos_driver_cpp.elf.dir/Middlewares/Third_Party/FreeRTOS/Source/queue.c.obj
LOAD CMakeFiles/innfos_driver_cpp.elf.dir/Middlewares/Third_Party/FreeRTOS/Source/stream_buffer.c.obj
LOAD CMakeFiles/innfos_driver_cpp.elf.dir/Middlewares/Third_Party/FreeRTOS/Source/tasks.c.obj
LOAD CMakeFiles/innfos_driver_cpp.elf.dir/Middlewares/Third_Party/FreeRTOS/Source/timers.c.obj
LOAD CMakeFiles/innfos_driver_cpp.elf.dir/OwnLibrary/filter.c.obj
LOAD CMakeFiles/innfos_driver_cpp.elf.dir/Peripherals/FDCAN/my_fdcan.cpp.obj
LOAD CMakeFiles/innfos_driver_cpp.elf.dir/Peripherals/USART/myusart.c.obj
LOAD CMakeFiles/innfos_driver_cpp.elf.dir/Sys/cmd.cpp.obj
LOAD CMakeFiles/innfos_driver_cpp.elf.dir/Sys/global.cpp.obj
LOAD CMakeFiles/innfos_driver_cpp.elf.dir/Sys/system.c.obj
LOAD d:/toolchain/gcc-arm-none-eabi-10.3-2021.10/bin/../lib/gcc/arm-none-eabi/10.3.1/../../../../arm-none-eabi/lib/thumb/v7e-m+fp/hard\libstdc++.a
LOAD d:/toolchain/gcc-arm-none-eabi-10.3-2021.10/bin/../lib/gcc/arm-none-eabi/10.3.1/../../../../arm-none-eabi/lib/thumb/v7e-m+fp/hard\libm.a
START GROUP
LOAD d:/toolchain/gcc-arm-none-eabi-10.3-2021.10/bin/../lib/gcc/arm-none-eabi/10.3.1/thumb/v7e-m+fp/hard\libgcc.a
LOAD d:/toolchain/gcc-arm-none-eabi-10.3-2021.10/bin/../lib/gcc/arm-none-eabi/10.3.1/../../../../arm-none-eabi/lib/thumb/v7e-m+fp/hard\libg.a
LOAD d:/toolchain/gcc-arm-none-eabi-10.3-2021.10/bin/../lib/gcc/arm-none-eabi/10.3.1/../../../../arm-none-eabi/lib/thumb/v7e-m+fp/hard\libc.a
END GROUP
LOAD d:/toolchain/gcc-arm-none-eabi-10.3-2021.10/bin/../lib/gcc/arm-none-eabi/10.3.1/thumb/v7e-m+fp/hard/crtend.o
LOAD d:/toolchain/gcc-arm-none-eabi-10.3-2021.10/bin/../lib/gcc/arm-none-eabi/10.3.1/thumb/v7e-m+fp/hard/crtn.o
                0x24050000                _estack = (ORIGIN (RAM_D1) + LENGTH (RAM_D1))
                0x00000200                _Min_Heap_Size = 0x200
                0x00000400                _Min_Stack_Size = 0x400

.isr_vector     0x08000000      0x2cc
                0x08000000                . = ALIGN (0x4)
 *(.isr_vector)
 .isr_vector    0x08000000      0x2cc CMakeFiles/innfos_driver_cpp.elf.dir/Core/Startup/startup_stm32h723vgtx.s.obj
                0x08000000                g_pfnVectors
                0x080002cc                . = ALIGN (0x4)

.text           0x08000300    0x1c9ac
                0x08000300                . = ALIGN (0x4)
 *(.text)
 .text          0x08000300       0x40 d:/toolchain/gcc-arm-none-eabi-10.3-2021.10/bin/../lib/gcc/arm-none-eabi/10.3.1/thumb/v7e-m+fp/hard/crtbegin.o
 .text          0x08000340     0x5ee4 d:/toolchain/gcc-arm-none-eabi-10.3-2021.10/bin/../lib/gcc/arm-none-eabi/10.3.1/../../../../arm-none-eabi/lib/thumb/v7e-m+fp/hard\libstdc++.a(cp-demangle.o)
                0x0800613c                __cxa_demangle
                0x08006200                __gcclibcxx_demangle_callback
 .text          0x08006224      0x378 d:/toolchain/gcc-arm-none-eabi-10.3-2021.10/bin/../lib/gcc/arm-none-eabi/10.3.1/thumb/v7e-m+fp/hard\libgcc.a(_arm_addsubdf3.o)
                0x08006224                __aeabi_drsub
                0x0800622c                __aeabi_dsub
                0x0800622c                __subdf3
                0x08006230                __aeabi_dadd
                0x08006230                __adddf3
                0x080064a8                __floatunsidf
                0x080064a8                __aeabi_ui2d
                0x080064c8                __floatsidf
                0x080064c8                __aeabi_i2d
                0x080064ec                __aeabi_f2d
                0x080064ec                __extendsfdf2
                0x08006530                __floatundidf
                0x08006530                __aeabi_ul2d
                0x08006540                __floatdidf
                0x08006540                __aeabi_l2d
 .text          0x0800659c       0xa0 d:/toolchain/gcc-arm-none-eabi-10.3-2021.10/bin/../lib/gcc/arm-none-eabi/10.3.1/thumb/v7e-m+fp/hard\libgcc.a(_arm_truncdfsf2.o)
                0x0800659c                __truncdfsf2
                0x0800659c                __aeabi_d2f
 .text          0x0800663c       0x30 d:/toolchain/gcc-arm-none-eabi-10.3-2021.10/bin/../lib/gcc/arm-none-eabi/10.3.1/thumb/v7e-m+fp/hard\libgcc.a(_aeabi_uldivmod.o)
                0x0800663c                __aeabi_uldivmod
 .text          0x0800666c      0x2d0 d:/toolchain/gcc-arm-none-eabi-10.3-2021.10/bin/../lib/gcc/arm-none-eabi/10.3.1/thumb/v7e-m+fp/hard\libgcc.a(_udivmoddi4.o)
                0x0800666c                __udivmoddi4
 .text          0x0800693c      0x9d8 d:/toolchain/gcc-arm-none-eabi-10.3-2021.10/bin/../lib/gcc/arm-none-eabi/10.3.1/thumb/v7e-m+fp/hard\libgcc.a(unwind-arm.o)
                0x08006be4                _Unwind_GetCFA
                0x08006be8                __gnu_Unwind_RaiseException
                0x08006c50                __gnu_Unwind_ForcedUnwind
                0x08006c60                __gnu_Unwind_Resume
                0x08006ca4                __gnu_Unwind_Resume_or_Rethrow
                0x08006cb4                _Unwind_Complete
                0x08006cb8                _Unwind_DeleteException
                0x08006cc4                _Unwind_VRS_Get
                0x08006d10                _Unwind_VRS_Set
                0x08006d58                __gnu_Unwind_Backtrace
                0x08007084                __aeabi_unwind_cpp_pr0
                0x08007088                __aeabi_unwind_cpp_pr1
                0x0800708c                __aeabi_unwind_cpp_pr2
                0x08007090                _Unwind_VRS_Pop
 .text          0x08007314      0x1ac d:/toolchain/gcc-arm-none-eabi-10.3-2021.10/bin/../lib/gcc/arm-none-eabi/10.3.1/thumb/v7e-m+fp/hard\libgcc.a(libunwind.o)
                0x08007314                __restore_core_regs
                0x08007314                restore_core_regs
                0x0800732c                __gnu_Unwind_Restore_VFP
                0x08007334                __gnu_Unwind_Save_VFP
                0x0800733c                __gnu_Unwind_Restore_VFP_D
                0x08007344                __gnu_Unwind_Save_VFP_D
                0x0800734c                __gnu_Unwind_Restore_VFP_D_16_to_31
                0x08007354                __gnu_Unwind_Save_VFP_D_16_to_31
                0x0800735c                __gnu_Unwind_Restore_WMMXD
                0x080073a0                __gnu_Unwind_Save_WMMXD
                0x080073e4                __gnu_Unwind_Restore_WMMXC
                0x080073f8                __gnu_Unwind_Save_WMMXC
                0x0800740c                ___Unwind_RaiseException
                0x0800740c                _Unwind_RaiseException
                0x08007430                _Unwind_Resume
                0x08007430                ___Unwind_Resume
                0x08007454                _Unwind_Resume_or_Rethrow
                0x08007454                ___Unwind_Resume_or_Rethrow
                0x08007478                _Unwind_ForcedUnwind
                0x08007478                ___Unwind_ForcedUnwind
                0x0800749c                ___Unwind_Backtrace
                0x0800749c                _Unwind_Backtrace
 .text          0x080074c0      0x350 d:/toolchain/gcc-arm-none-eabi-10.3-2021.10/bin/../lib/gcc/arm-none-eabi/10.3.1/thumb/v7e-m+fp/hard\libgcc.a(pr-support.o)
                0x08007518                __gnu_unwind_execute
                0x080077c4                __gnu_unwind_frame
                0x080077f0                _Unwind_GetRegionStart
                0x080077fc                _Unwind_GetLanguageSpecificData
 .text          0x08007810        0x4 d:/toolchain/gcc-arm-none-eabi-10.3-2021.10/bin/../lib/gcc/arm-none-eabi/10.3.1/thumb/v7e-m+fp/hard\libgcc.a(_dvmd_tls.o)
                0x08007810                __aeabi_idiv0
                0x08007810                __aeabi_ldiv0
 *fill*         0x08007814        0xc 
 .text          0x08007820       0xa0 d:/toolchain/gcc-arm-none-eabi-10.3-2021.10/bin/../lib/gcc/arm-none-eabi/10.3.1/../../../../arm-none-eabi/lib/thumb/v7e-m+fp/hard\libg.a(lib_a-memchr.o)
                0x08007820                memchr
 .text          0x080078c0      0x134 d:/toolchain/gcc-arm-none-eabi-10.3-2021.10/bin/../lib/gcc/arm-none-eabi/10.3.1/../../../../arm-none-eabi/lib/thumb/v7e-m+fp/hard\libg.a(lib_a-memcpy.o)
                0x080078c0                memcpy
 *fill*         0x080079f4        0xc 
 .text          0x08007a00      0x2dc d:/toolchain/gcc-arm-none-eabi-10.3-2021.10/bin/../lib/gcc/arm-none-eabi/10.3.1/../../../../arm-none-eabi/lib/thumb/v7e-m+fp/hard\libg.a(lib_a-strcmp.o)
                0x08007a08                strcmp
 *fill*         0x08007cdc       0x24 
 .text          0x08007d00       0xdc d:/toolchain/gcc-arm-none-eabi-10.3-2021.10/bin/../lib/gcc/arm-none-eabi/10.3.1/../../../../arm-none-eabi/lib/thumb/v7e-m+fp/hard\libg.a(lib_a-strlen.o)
                0x08007d00                strlen
 .text          0x08007ddc      0x424 d:/toolchain/gcc-arm-none-eabi-10.3-2021.10/bin/../lib/gcc/arm-none-eabi/10.3.1/thumb/v7e-m+fp/hard\libgcc.a(_arm_muldivdf3.o)
                0x08007ddc                __aeabi_dmul
                0x08007ddc                __muldf3
                0x08008030                __divdf3
                0x08008030                __aeabi_ddiv
 .text          0x08008200      0x110 d:/toolchain/gcc-arm-none-eabi-10.3-2021.10/bin/../lib/gcc/arm-none-eabi/10.3.1/thumb/v7e-m+fp/hard\libgcc.a(_arm_cmpdf2.o)
                0x08008200                __gtdf2
                0x08008200                __gedf2
                0x08008208                __ltdf2
                0x08008208                __ledf2
                0x08008210                __nedf2
                0x08008210                __eqdf2
                0x08008210                __cmpdf2
                0x0800828c                __aeabi_cdrcmple
                0x0800829c                __aeabi_cdcmpeq
                0x0800829c                __aeabi_cdcmple
                0x080082ac                __aeabi_dcmpeq
                0x080082c0                __aeabi_dcmplt
                0x080082d4                __aeabi_dcmple
                0x080082e8                __aeabi_dcmpge
                0x080082fc                __aeabi_dcmpgt
 .text          0x08008310       0x2c d:/toolchain/gcc-arm-none-eabi-10.3-2021.10/bin/../lib/gcc/arm-none-eabi/10.3.1/thumb/v7e-m+fp/hard\libgcc.a(_arm_unorddf2.o)
                0x08008310                __unorddf2
                0x08008310                __aeabi_dcmpun
 .text          0x0800833c       0x50 d:/toolchain/gcc-arm-none-eabi-10.3-2021.10/bin/../lib/gcc/arm-none-eabi/10.3.1/thumb/v7e-m+fp/hard\libgcc.a(_arm_fixdfsi.o)
                0x0800833c                __aeabi_d2iz
                0x0800833c                __fixdfsi
 .text          0x0800838c       0x40 d:/toolchain/gcc-arm-none-eabi-10.3-2021.10/bin/../lib/gcc/arm-none-eabi/10.3.1/thumb/v7e-m+fp/hard\libgcc.a(_arm_fixunsdfsi.o)
                0x0800838c                __aeabi_d2uiz
                0x0800838c                __fixunsdfsi
 .text          0x080083cc       0x30 d:/toolchain/gcc-arm-none-eabi-10.3-2021.10/bin/../lib/gcc/arm-none-eabi/10.3.1/thumb/v7e-m+fp/hard\libgcc.a(_fixdfdi.o)
                0x080083cc                __fixdfdi
                0x080083cc                __aeabi_d2lz
 .text          0x080083fc       0x3c d:/toolchain/gcc-arm-none-eabi-10.3-2021.10/bin/../lib/gcc/arm-none-eabi/10.3.1/thumb/v7e-m+fp/hard\libgcc.a(_fixunsdfdi.o)
                0x080083fc                __fixunsdfdi
                0x080083fc                __aeabi_d2ulz
 *(.text*)
 .text._ZN9Sca_MotorC2Ev
                0x08008438       0x18 CMakeFiles/innfos_driver_cpp.elf.dir/APP_User/SCA/innfos_ne30.cpp.obj
                0x08008438                Sca_Motor::Sca_Motor()
                0x08008438                Sca_Motor::Sca_Motor()
 .text._ZN9Sca_Motor12get_instanceEh
                0x08008450        0xc CMakeFiles/innfos_driver_cpp.elf.dir/APP_User/SCA/innfos_ne30.cpp.obj
                0x08008450                Sca_Motor::get_instance(unsigned char)
 .text._ZN9Sca_Motor7get_numEv
                0x0800845c        0xc CMakeFiles/innfos_driver_cpp.elf.dir/APP_User/SCA/innfos_ne30.cpp.obj
                0x0800845c                Sca_Motor::get_num()
 .text._ZN9Sca_Motor16Protocol_Write_1Ehh
                0x08008468       0x1c CMakeFiles/innfos_driver_cpp.elf.dir/APP_User/SCA/innfos_ne30.cpp.obj
                0x08008468                Sca_Motor::Protocol_Write_1(unsigned char, unsigned char)
 .text._ZN9Sca_Motor16Protocol_Write_3Ehf
                0x08008484       0x88 CMakeFiles/innfos_driver_cpp.elf.dir/APP_User/SCA/innfos_ne30.cpp.obj
                0x08008484                Sca_Motor::Protocol_Write_3(unsigned char, float)
 .text._ZN9Sca_Motor13Protocol_ReadEh
                0x0800850c       0x18 CMakeFiles/innfos_driver_cpp.elf.dir/APP_User/SCA/innfos_ne30.cpp.obj
                0x0800850c                Sca_Motor::Protocol_Read(unsigned char)
 .text._ZN9Sca_Motor13R1dataProcessEv
                0x08008524       0x38 CMakeFiles/innfos_driver_cpp.elf.dir/APP_User/SCA/innfos_ne30.cpp.obj
                0x08008524                Sca_Motor::R1dataProcess()
 .text._ZN9Sca_Motor13R2dataProcessEv
                0x0800855c       0xa4 CMakeFiles/innfos_driver_cpp.elf.dir/APP_User/SCA/innfos_ne30.cpp.obj
                0x0800855c                Sca_Motor::R2dataProcess()
 .text._ZN9Sca_Motor13R3dataProcessEv
                0x08008600      0x208 CMakeFiles/innfos_driver_cpp.elf.dir/APP_User/SCA/innfos_ne30.cpp.obj
                0x08008600                Sca_Motor::R3dataProcess()
 .text._ZN9Sca_Motor13R4dataProcessEv
                0x08008808       0x84 CMakeFiles/innfos_driver_cpp.elf.dir/APP_User/SCA/innfos_ne30.cpp.obj
                0x08008808                Sca_Motor::R4dataProcess()
 .text._ZN9Sca_Motor13R5dataProcessEv
                0x0800888c       0x10 CMakeFiles/innfos_driver_cpp.elf.dir/APP_User/SCA/innfos_ne30.cpp.obj
                0x0800888c                Sca_Motor::R5dataProcess()
 .text._ZN9Sca_Motor19InitModelParametersE11sca_model_e
                0x0800889c       0x28 CMakeFiles/innfos_driver_cpp.elf.dir/APP_User/SCA/innfos_ne30.cpp.obj
                0x0800889c                Sca_Motor::InitModelParameters(sca_model_e)
 .text._ZN9Sca_Motor6EnableEv
                0x080088c4        0xc CMakeFiles/innfos_driver_cpp.elf.dir/APP_User/SCA/innfos_ne30.cpp.obj
                0x080088c4                Sca_Motor::Enable()
 .text._ZN9Sca_Motor8GetStateEv
                0x080088d0        0xa CMakeFiles/innfos_driver_cpp.elf.dir/APP_User/SCA/innfos_ne30.cpp.obj
                0x080088d0                Sca_Motor::GetState()
 .text._ZN9Sca_Motor7GetModeEv
                0x080088da        0xc CMakeFiles/innfos_driver_cpp.elf.dir/APP_User/SCA/innfos_ne30.cpp.obj
                0x080088da                Sca_Motor::GetMode()
 .text._ZN9Sca_Motor14GetSerialNumbeEv
                0x080088e6        0xa CMakeFiles/innfos_driver_cpp.elf.dir/APP_User/SCA/innfos_ne30.cpp.obj
                0x080088e6                Sca_Motor::GetSerialNumbe()
 .text._ZN9Sca_Motor11SetPositionEv
                0x080088f0       0xb4 CMakeFiles/innfos_driver_cpp.elf.dir/APP_User/SCA/innfos_ne30.cpp.obj
                0x080088f0                Sca_Motor::SetPosition()
 .text._ZN9Sca_Motor11SetPositionEf
                0x080089a4       0xb8 CMakeFiles/innfos_driver_cpp.elf.dir/APP_User/SCA/innfos_ne30.cpp.obj
                0x080089a4                Sca_Motor::SetPosition(float)
 .text._ZN9Sca_Motor17GetPPAccelerationEv
                0x08008a5c        0xa CMakeFiles/innfos_driver_cpp.elf.dir/APP_User/SCA/innfos_ne30.cpp.obj
                0x08008a5c                Sca_Motor::GetPPAcceleration()
 .text._ZN9Sca_Motor17GetPPDecelerationEv
                0x08008a66        0xa CMakeFiles/innfos_driver_cpp.elf.dir/APP_User/SCA/innfos_ne30.cpp.obj
                0x08008a66                Sca_Motor::GetPPDeceleration()
 .text._ZN9Sca_Motor16GetPPMaxVelocityEv
                0x08008a70        0xa CMakeFiles/innfos_driver_cpp.elf.dir/APP_User/SCA/innfos_ne30.cpp.obj
                0x08008a70                Sca_Motor::GetPPMaxVelocity()
 *fill*         0x08008a7a        0x2 
 .text._ZN9Sca_Motor17SetPPMaxcVelocityEf
                0x08008a7c       0x5c CMakeFiles/innfos_driver_cpp.elf.dir/APP_User/SCA/innfos_ne30.cpp.obj
                0x08008a7c                Sca_Motor::SetPPMaxcVelocity(float)
 .text._ZN9Sca_Motor11SetVelocityEv
                0x08008ad8       0x16 CMakeFiles/innfos_driver_cpp.elf.dir/APP_User/SCA/innfos_ne30.cpp.obj
                0x08008ad8                Sca_Motor::SetVelocity()
 .text._ZN9Sca_Motor17GetPVAccelerationEv
                0x08008aee        0xa CMakeFiles/innfos_driver_cpp.elf.dir/APP_User/SCA/innfos_ne30.cpp.obj
                0x08008aee                Sca_Motor::GetPVAcceleration()
 .text._ZN9Sca_Motor17GetPVDecelerationEv
                0x08008af8        0xa CMakeFiles/innfos_driver_cpp.elf.dir/APP_User/SCA/innfos_ne30.cpp.obj
                0x08008af8                Sca_Motor::GetPVDeceleration()
 .text._ZN9Sca_Motor16GetVelocityLimitEv
                0x08008b02        0xa CMakeFiles/innfos_driver_cpp.elf.dir/APP_User/SCA/innfos_ne30.cpp.obj
                0x08008b02                Sca_Motor::GetVelocityLimit()
 .text._ZN9Sca_Motor16GetPVMaxVelocityEv
                0x08008b0c        0xa CMakeFiles/innfos_driver_cpp.elf.dir/APP_User/SCA/innfos_ne30.cpp.obj
                0x08008b0c                Sca_Motor::GetPVMaxVelocity()
 .text._ZN9Sca_Motor10SetCurrentEv
                0x08008b16        0xe CMakeFiles/innfos_driver_cpp.elf.dir/APP_User/SCA/innfos_ne30.cpp.obj
                0x08008b16                Sca_Motor::SetCurrent()
 .text._ZN9Sca_Motor10SetCurrentEf
                0x08008b24        0xa CMakeFiles/innfos_driver_cpp.elf.dir/APP_User/SCA/innfos_ne30.cpp.obj
                0x08008b24                Sca_Motor::SetCurrent(float)
 .text._ZN9Sca_Motor18GetCurrentMaxRangeEv
                0x08008b2e        0xa CMakeFiles/innfos_driver_cpp.elf.dir/APP_User/SCA/innfos_ne30.cpp.obj
                0x08008b2e                Sca_Motor::GetCurrentMaxRange()
 .text._ZN9Sca_Motor15GetCurrentLimitEv
                0x08008b38        0xa CMakeFiles/innfos_driver_cpp.elf.dir/APP_User/SCA/innfos_ne30.cpp.obj
                0x08008b38                Sca_Motor::GetCurrentLimit()
 .text._ZN9Sca_Motor6GetCVPEv
                0x08008b42        0xa CMakeFiles/innfos_driver_cpp.elf.dir/APP_User/SCA/innfos_ne30.cpp.obj
                0x08008b42                Sca_Motor::GetCVP()
 .text._ZN9Sca_Motor10GetVoltageEv
                0x08008b4c        0xa CMakeFiles/innfos_driver_cpp.elf.dir/APP_User/SCA/innfos_ne30.cpp.obj
                0x08008b4c                Sca_Motor::GetVoltage()
 .text._ZN9Sca_Motor14GetTemperatureEv
                0x08008b56        0xa CMakeFiles/innfos_driver_cpp.elf.dir/APP_User/SCA/innfos_ne30.cpp.obj
                0x08008b56                Sca_Motor::GetTemperature()
 .text._ZN9Sca_Motor16GetAllparametersEv
                0x08008b60       0x9c CMakeFiles/innfos_driver_cpp.elf.dir/APP_User/SCA/innfos_ne30.cpp.obj
                0x08008b60                Sca_Motor::GetAllparameters()
 .text._ZN9Sca_Motor11DataProcessEv
                0x08008bfc       0xf8 CMakeFiles/innfos_driver_cpp.elf.dir/APP_User/SCA/innfos_ne30.cpp.obj
                0x08008bfc                Sca_Motor::DataProcess()
 .text.find_name_of_mode
                0x08008cf4       0x2c CMakeFiles/innfos_driver_cpp.elf.dir/APP_User/SCA/innfos_ne30.cpp.obj
                0x08008cf4                find_name_of_mode
 .text._ZN9Sca_Motor7SetModeEh
                0x08008d20       0x98 CMakeFiles/innfos_driver_cpp.elf.dir/APP_User/SCA/innfos_ne30.cpp.obj
                0x08008d20                Sca_Motor::SetMode(unsigned char)
 .text._ZN9Sca_Motor4InitE11sca_model_ehhP3Can
                0x08008db8       0xc4 CMakeFiles/innfos_driver_cpp.elf.dir/APP_User/SCA/innfos_ne30.cpp.obj
                0x08008db8                Sca_Motor::Init(sca_model_e, unsigned char, unsigned char, Can*)
 .text._ZN9Sca_Motor10show_sca_tEv
                0x08008e7c      0x330 CMakeFiles/innfos_driver_cpp.elf.dir/APP_User/SCA/innfos_ne30.cpp.obj
                0x08008e7c                Sca_Motor::show_sca_t()
 *fill*         0x080091ac        0x4 
 .text._ZL19current_weight_initv
                0x080091b0       0x3c CMakeFiles/innfos_driver_cpp.elf.dir/APP_User/SCA/ne30_task.cpp.obj
 .text.sca_tim_callback
                0x080091ec        0x2 CMakeFiles/innfos_driver_cpp.elf.dir/APP_User/SCA/ne30_task.cpp.obj
                0x080091ec                sca_tim_callback
 *fill*         0x080091ee        0x2 
 .text.sca_data_process_task
                0x080091f0       0x4c CMakeFiles/innfos_driver_cpp.elf.dir/APP_User/SCA/ne30_task.cpp.obj
                0x080091f0                sca_data_process_task
 .text._ZL17motor_mode_updateR9Sca_Motor
                0x0800923c       0x36 CMakeFiles/innfos_driver_cpp.elf.dir/APP_User/SCA/ne30_task.cpp.obj
 *fill*         0x08009272        0x2 
 .text._ZL10motor_initv
                0x08009274      0x15c CMakeFiles/innfos_driver_cpp.elf.dir/APP_User/SCA/ne30_task.cpp.obj
 .text._ZL20motor_control_updateR9Sca_Motor
                0x080093d0       0x26 CMakeFiles/innfos_driver_cpp.elf.dir/APP_User/SCA/ne30_task.cpp.obj
 *fill*         0x080093f6        0x2 
 .text.sca_control_task
                0x080093f8       0xc8 CMakeFiles/innfos_driver_cpp.elf.dir/APP_User/SCA/ne30_task.cpp.obj
 .text._Z41__static_initialization_and_destruction_0ii
                0x080094c0       0x44 CMakeFiles/innfos_driver_cpp.elf.dir/APP_User/SCA/ne30_task.cpp.obj
 .text.sca_task_init
                0x08009504       0x8c CMakeFiles/innfos_driver_cpp.elf.dir/APP_User/SCA/ne30_task.cpp.obj
                0x08009504                sca_task_init
 .text._GLOBAL__sub_I_current_filter
                0x08009590        0xe CMakeFiles/innfos_driver_cpp.elf.dir/APP_User/SCA/ne30_task.cpp.obj
 *fill*         0x0800959e        0x2 
 .text.MX_DMA_Init
                0x080095a0       0x38 CMakeFiles/innfos_driver_cpp.elf.dir/Core/Src/dma.c.obj
                0x080095a0                MX_DMA_Init
 .text.MX_FDCAN1_Init
                0x080095d8       0x60 CMakeFiles/innfos_driver_cpp.elf.dir/Core/Src/fdcan.c.obj
                0x080095d8                MX_FDCAN1_Init
 .text.HAL_FDCAN_MspInit
                0x08009638       0xbc CMakeFiles/innfos_driver_cpp.elf.dir/Core/Src/fdcan.c.obj
                0x08009638                HAL_FDCAN_MspInit
 .text.StartDefaultTask
                0x080096f4        0xa CMakeFiles/innfos_driver_cpp.elf.dir/Core/Src/freertos.c.obj
                0x080096f4                StartDefaultTask
 *fill*         0x080096fe        0x2 
 .text.vApplicationGetIdleTaskMemory
                0x08009700       0x18 CMakeFiles/innfos_driver_cpp.elf.dir/Core/Src/freertos.c.obj
                0x08009700                vApplicationGetIdleTaskMemory
 .text.vApplicationGetTimerTaskMemory
                0x08009718       0x18 CMakeFiles/innfos_driver_cpp.elf.dir/Core/Src/freertos.c.obj
                0x08009718                vApplicationGetTimerTaskMemory
 .text.MX_FREERTOS_Init
                0x08009730       0x30 CMakeFiles/innfos_driver_cpp.elf.dir/Core/Src/freertos.c.obj
                0x08009730                MX_FREERTOS_Init
 .text.MX_GPIO_Init
                0x08009760       0x54 CMakeFiles/innfos_driver_cpp.elf.dir/Core/Src/gpio.c.obj
                0x08009760                MX_GPIO_Init
 .text.HAL_TIM_PeriodElapsedCallback
                0x080097b4       0x30 CMakeFiles/innfos_driver_cpp.elf.dir/Core/Src/main.c.obj
                0x080097b4                HAL_TIM_PeriodElapsedCallback
 .text.Error_Handler
                0x080097e4        0x4 CMakeFiles/innfos_driver_cpp.elf.dir/Core/Src/main.c.obj
                0x080097e4                Error_Handler
 .text.SystemClock_Config
                0x080097e8       0xac CMakeFiles/innfos_driver_cpp.elf.dir/Core/Src/main.c.obj
                0x080097e8                SystemClock_Config
 .text.main     0x08009894       0x2c CMakeFiles/innfos_driver_cpp.elf.dir/Core/Src/main.c.obj
                0x08009894                main
 .text.HAL_MspInit
                0x080098c0       0x34 CMakeFiles/innfos_driver_cpp.elf.dir/Core/Src/stm32h7xx_hal_msp.c.obj
                0x080098c0                HAL_MspInit
 .text.HAL_InitTick
                0x080098f4       0x90 CMakeFiles/innfos_driver_cpp.elf.dir/Core/Src/stm32h7xx_hal_timebase_tim.c.obj
                0x080098f4                HAL_InitTick
 .text.NMI_Handler
                0x08009984        0x2 CMakeFiles/innfos_driver_cpp.elf.dir/Core/Src/stm32h7xx_it.c.obj
                0x08009984                NMI_Handler
 .text.HardFault_Handler
                0x08009986        0x2 CMakeFiles/innfos_driver_cpp.elf.dir/Core/Src/stm32h7xx_it.c.obj
                0x08009986                HardFault_Handler
 .text.MemManage_Handler
                0x08009988        0x2 CMakeFiles/innfos_driver_cpp.elf.dir/Core/Src/stm32h7xx_it.c.obj
                0x08009988                MemManage_Handler
 .text.BusFault_Handler
                0x0800998a        0x2 CMakeFiles/innfos_driver_cpp.elf.dir/Core/Src/stm32h7xx_it.c.obj
                0x0800998a                BusFault_Handler
 .text.UsageFault_Handler
                0x0800998c        0x2 CMakeFiles/innfos_driver_cpp.elf.dir/Core/Src/stm32h7xx_it.c.obj
                0x0800998c                UsageFault_Handler
 .text.DebugMon_Handler
                0x0800998e        0x2 CMakeFiles/innfos_driver_cpp.elf.dir/Core/Src/stm32h7xx_it.c.obj
                0x0800998e                DebugMon_Handler
 .text.DMA1_Stream0_IRQHandler
                0x08009990       0x10 CMakeFiles/innfos_driver_cpp.elf.dir/Core/Src/stm32h7xx_it.c.obj
                0x08009990                DMA1_Stream0_IRQHandler
 .text.FDCAN1_IT0_IRQHandler
                0x080099a0       0x10 CMakeFiles/innfos_driver_cpp.elf.dir/Core/Src/stm32h7xx_it.c.obj
                0x080099a0                FDCAN1_IT0_IRQHandler
 .text.FDCAN1_IT1_IRQHandler
                0x080099b0       0x10 CMakeFiles/innfos_driver_cpp.elf.dir/Core/Src/stm32h7xx_it.c.obj
                0x080099b0                FDCAN1_IT1_IRQHandler
 .text.USART1_IRQHandler
                0x080099c0       0x14 CMakeFiles/innfos_driver_cpp.elf.dir/Core/Src/stm32h7xx_it.c.obj
                0x080099c0                USART1_IRQHandler
 .text.TIM17_IRQHandler
                0x080099d4       0x10 CMakeFiles/innfos_driver_cpp.elf.dir/Core/Src/stm32h7xx_it.c.obj
                0x080099d4                TIM17_IRQHandler
 .text._getpid  0x080099e4        0x4 CMakeFiles/innfos_driver_cpp.elf.dir/Core/Src/syscalls.c.obj
                0x080099e4                _getpid
 .text._kill    0x080099e8       0x10 CMakeFiles/innfos_driver_cpp.elf.dir/Core/Src/syscalls.c.obj
                0x080099e8                _kill
 .text._exit    0x080099f8        0xc CMakeFiles/innfos_driver_cpp.elf.dir/Core/Src/syscalls.c.obj
                0x080099f8                _exit
 .text._read    0x08009a04       0x20 CMakeFiles/innfos_driver_cpp.elf.dir/Core/Src/syscalls.c.obj
                0x08009a04                _read
 .text._write   0x08009a24       0x1c CMakeFiles/innfos_driver_cpp.elf.dir/Core/Src/syscalls.c.obj
                0x08009a24                _write
 .text._close   0x08009a40        0x6 CMakeFiles/innfos_driver_cpp.elf.dir/Core/Src/syscalls.c.obj
                0x08009a40                _close
 .text._fstat   0x08009a46        0xa CMakeFiles/innfos_driver_cpp.elf.dir/Core/Src/syscalls.c.obj
                0x08009a46                _fstat
 .text._isatty  0x08009a50        0x4 CMakeFiles/innfos_driver_cpp.elf.dir/Core/Src/syscalls.c.obj
                0x08009a50                _isatty
 .text._lseek   0x08009a54        0x4 CMakeFiles/innfos_driver_cpp.elf.dir/Core/Src/syscalls.c.obj
                0x08009a54                _lseek
 .text._sbrk    0x08009a58       0x48 CMakeFiles/innfos_driver_cpp.elf.dir/Core/Src/sysmem.c.obj
                0x08009a58                _sbrk
 .text.SystemInit
                0x08009aa0       0xac CMakeFiles/innfos_driver_cpp.elf.dir/Core/Src/system_stm32h7xx.c.obj
                0x08009aa0                SystemInit
 .text.MX_USART1_UART_Init
                0x08009b4c       0x68 CMakeFiles/innfos_driver_cpp.elf.dir/Core/Src/usart.c.obj
                0x08009b4c                MX_USART1_UART_Init
 .text.HAL_UART_MspInit
                0x08009bb4       0xe4 CMakeFiles/innfos_driver_cpp.elf.dir/Core/Src/usart.c.obj
                0x08009bb4                HAL_UART_MspInit
 .text.Reset_Handler
                0x08009c98       0x50 CMakeFiles/innfos_driver_cpp.elf.dir/Core/Startup/startup_stm32h723vgtx.s.obj
                0x08009c98                Reset_Handler
 .text.Default_Handler
                0x08009ce8        0x2 CMakeFiles/innfos_driver_cpp.elf.dir/Core/Startup/startup_stm32h723vgtx.s.obj
                0x08009ce8                RTC_Alarm_IRQHandler
                0x08009ce8                EXTI2_IRQHandler
                0x08009ce8                TIM8_CC_IRQHandler
                0x08009ce8                UART8_IRQHandler
                0x08009ce8                SPI4_IRQHandler
                0x08009ce8                FDCAN3_IT0_IRQHandler
                0x08009ce8                TIM1_CC_IRQHandler
                0x08009ce8                BDMA_Channel6_IRQHandler
                0x08009ce8                DMA2_Stream5_IRQHandler
                0x08009ce8                DMA1_Stream5_IRQHandler
                0x08009ce8                CORDIC_IRQHandler
                0x08009ce8                BDMA_Channel1_IRQHandler
                0x08009ce8                TAMP_STAMP_IRQHandler
                0x08009ce8                EXTI3_IRQHandler
                0x08009ce8                LPTIM4_IRQHandler
                0x08009ce8                TIM8_TRG_COM_TIM14_IRQHandler
                0x08009ce8                LPTIM2_IRQHandler
                0x08009ce8                DFSDM1_FLT1_IRQHandler
                0x08009ce8                DMAMUX2_OVR_IRQHandler
                0x08009ce8                TIM8_UP_TIM13_IRQHandler
                0x08009ce8                I2C3_ER_IRQHandler
                0x08009ce8                DFSDM1_FLT2_IRQHandler
                0x08009ce8                I2C5_EV_IRQHandler
                0x08009ce8                USART10_IRQHandler
                0x08009ce8                MDMA_IRQHandler
                0x08009ce8                LPTIM3_IRQHandler
                0x08009ce8                HSEM1_IRQHandler
                0x08009ce8                EXTI0_IRQHandler
                0x08009ce8                I2C2_EV_IRQHandler
                0x08009ce8                DMA1_Stream2_IRQHandler
                0x08009ce8                FPU_IRQHandler
                0x08009ce8                OTG_HS_WKUP_IRQHandler
                0x08009ce8                LTDC_ER_IRQHandler
                0x08009ce8                DMA2_Stream2_IRQHandler
                0x08009ce8                SPI1_IRQHandler
                0x08009ce8                OCTOSPI1_IRQHandler
                0x08009ce8                TIM6_DAC_IRQHandler
                0x08009ce8                DMA2_Stream3_IRQHandler
                0x08009ce8                OCTOSPI2_IRQHandler
                0x08009ce8                DFSDM1_FLT3_IRQHandler
                0x08009ce8                TIM23_IRQHandler
                0x08009ce8                USART6_IRQHandler
                0x08009ce8                USART3_IRQHandler
                0x08009ce8                BDMA_Channel7_IRQHandler
                0x08009ce8                LPTIM5_IRQHandler
                0x08009ce8                UART5_IRQHandler
                0x08009ce8                ADC3_IRQHandler
                0x08009ce8                DMA2_Stream0_IRQHandler
                0x08009ce8                TIM4_IRQHandler
                0x08009ce8                BDMA_Channel2_IRQHandler
                0x08009ce8                I2C1_EV_IRQHandler
                0x08009ce8                DMA1_Stream6_IRQHandler
                0x08009ce8                DMAMUX1_OVR_IRQHandler
                0x08009ce8                DMA1_Stream1_IRQHandler
                0x08009ce8                TIM16_IRQHandler
                0x08009ce8                UART4_IRQHandler
                0x08009ce8                BDMA_Channel5_IRQHandler
                0x08009ce8                TIM3_IRQHandler
                0x08009ce8                RCC_IRQHandler
                0x08009ce8                UART9_IRQHandler
                0x08009ce8                TIM8_BRK_TIM12_IRQHandler
                0x08009ce8                TIM1_TRG_COM_IRQHandler
                0x08009ce8                Default_Handler
                0x08009ce8                ECC_IRQHandler
                0x08009ce8                FMAC_IRQHandler
                0x08009ce8                CEC_IRQHandler
                0x08009ce8                EXTI15_10_IRQHandler
                0x08009ce8                BDMA_Channel0_IRQHandler
                0x08009ce8                ADC_IRQHandler
                0x08009ce8                I2C5_ER_IRQHandler
                0x08009ce8                DMA1_Stream7_IRQHandler
                0x08009ce8                SPI5_IRQHandler
                0x08009ce8                TIM7_IRQHandler
                0x08009ce8                FDCAN3_IT1_IRQHandler
                0x08009ce8                SDMMC1_IRQHandler
                0x08009ce8                TIM5_IRQHandler
                0x08009ce8                DMA2_Stream7_IRQHandler
                0x08009ce8                TIM15_IRQHandler
                0x08009ce8                PVD_AVD_IRQHandler
                0x08009ce8                I2C3_EV_IRQHandler
                0x08009ce8                EXTI9_5_IRQHandler
                0x08009ce8                RTC_WKUP_IRQHandler
                0x08009ce8                LTDC_IRQHandler
                0x08009ce8                ETH_WKUP_IRQHandler
                0x08009ce8                SPDIF_RX_IRQHandler
                0x08009ce8                SPI2_IRQHandler
                0x08009ce8                OTG_HS_EP1_IN_IRQHandler
                0x08009ce8                TIM24_IRQHandler
                0x08009ce8                CRS_IRQHandler
                0x08009ce8                EXTI4_IRQHandler
                0x08009ce8                RNG_IRQHandler
                0x08009ce8                FDCAN2_IT1_IRQHandler
                0x08009ce8                ETH_IRQHandler
                0x08009ce8                TIM1_UP_IRQHandler
                0x08009ce8                BDMA_Channel4_IRQHandler
                0x08009ce8                OTG_HS_EP1_OUT_IRQHandler
                0x08009ce8                WWDG_IRQHandler
                0x08009ce8                SPI6_IRQHandler
                0x08009ce8                MDIOS_IRQHandler
                0x08009ce8                I2C4_EV_IRQHandler
                0x08009ce8                FDCAN2_IT0_IRQHandler
                0x08009ce8                LPUART1_IRQHandler
                0x08009ce8                TIM2_IRQHandler
                0x08009ce8                OTG_HS_IRQHandler
                0x08009ce8                DMA2D_IRQHandler
                0x08009ce8                TIM1_BRK_IRQHandler
                0x08009ce8                EXTI1_IRQHandler
                0x08009ce8                SDMMC2_IRQHandler
                0x08009ce8                BDMA_Channel3_IRQHandler
                0x08009ce8                DTS_IRQHandler
                0x08009ce8                UART7_IRQHandler
                0x08009ce8                MDIOS_WKUP_IRQHandler
                0x08009ce8                USART2_IRQHandler
                0x08009ce8                DFSDM1_FLT0_IRQHandler
                0x08009ce8                SAI4_IRQHandler
                0x08009ce8                I2C2_ER_IRQHandler
                0x08009ce8                DMA2_Stream1_IRQHandler
                0x08009ce8                FLASH_IRQHandler
                0x08009ce8                DMA2_Stream4_IRQHandler
                0x08009ce8                SPI3_IRQHandler
                0x08009ce8                WAKEUP_PIN_IRQHandler
                0x08009ce8                DMA1_Stream4_IRQHandler
                0x08009ce8                I2C1_ER_IRQHandler
                0x08009ce8                FMC_IRQHandler
                0x08009ce8                FDCAN_CAL_IRQHandler
                0x08009ce8                SWPMI1_IRQHandler
                0x08009ce8                COMP1_IRQHandler
                0x08009ce8                LPTIM1_IRQHandler
                0x08009ce8                DCMI_PSSI_IRQHandler
                0x08009ce8                I2C4_ER_IRQHandler
                0x08009ce8                DMA2_Stream6_IRQHandler
                0x08009ce8                SAI1_IRQHandler
                0x08009ce8                DMA1_Stream3_IRQHandler
 *fill*         0x08009cea        0x2 
 .text.HAL_Init
                0x08009cec       0x5c CMakeFiles/innfos_driver_cpp.elf.dir/Drivers/STM32H7xx_HAL_Driver/Src/stm32h7xx_hal.c.obj
                0x08009cec                HAL_Init
 .text.HAL_IncTick
                0x08009d48       0x18 CMakeFiles/innfos_driver_cpp.elf.dir/Drivers/STM32H7xx_HAL_Driver/Src/stm32h7xx_hal.c.obj
                0x08009d48                HAL_IncTick
 .text.HAL_GetTick
                0x08009d60        0xc CMakeFiles/innfos_driver_cpp.elf.dir/Drivers/STM32H7xx_HAL_Driver/Src/stm32h7xx_hal.c.obj
                0x08009d60                HAL_GetTick
 .text.HAL_NVIC_SetPriorityGrouping
                0x08009d6c       0x24 CMakeFiles/innfos_driver_cpp.elf.dir/Drivers/STM32H7xx_HAL_Driver/Src/stm32h7xx_hal_cortex.c.obj
                0x08009d6c                HAL_NVIC_SetPriorityGrouping
 .text.HAL_NVIC_SetPriority
                0x08009d90       0x6c CMakeFiles/innfos_driver_cpp.elf.dir/Drivers/STM32H7xx_HAL_Driver/Src/stm32h7xx_hal_cortex.c.obj
                0x08009d90                HAL_NVIC_SetPriority
 .text.HAL_NVIC_EnableIRQ
                0x08009dfc       0x1c CMakeFiles/innfos_driver_cpp.elf.dir/Drivers/STM32H7xx_HAL_Driver/Src/stm32h7xx_hal_cortex.c.obj
                0x08009dfc                HAL_NVIC_EnableIRQ
 .text.DMA_SetConfig
                0x08009e18      0x1b4 CMakeFiles/innfos_driver_cpp.elf.dir/Drivers/STM32H7xx_HAL_Driver/Src/stm32h7xx_hal_dma.c.obj
 .text.DMA_CalcBaseAndBitshift
                0x08009fcc       0xb4 CMakeFiles/innfos_driver_cpp.elf.dir/Drivers/STM32H7xx_HAL_Driver/Src/stm32h7xx_hal_dma.c.obj
 .text.DMA_CheckFifoParam
                0x0800a080       0x92 CMakeFiles/innfos_driver_cpp.elf.dir/Drivers/STM32H7xx_HAL_Driver/Src/stm32h7xx_hal_dma.c.obj
 *fill*         0x0800a112        0x2 
 .text.DMA_CalcDMAMUXChannelBaseAndMask
                0x0800a114       0xb0 CMakeFiles/innfos_driver_cpp.elf.dir/Drivers/STM32H7xx_HAL_Driver/Src/stm32h7xx_hal_dma.c.obj
 .text.DMA_CalcDMAMUXRequestGenBaseAndMask
                0x0800a1c4       0x7c CMakeFiles/innfos_driver_cpp.elf.dir/Drivers/STM32H7xx_HAL_Driver/Src/stm32h7xx_hal_dma.c.obj
 .text.HAL_DMA_Init
                0x0800a240      0x394 CMakeFiles/innfos_driver_cpp.elf.dir/Drivers/STM32H7xx_HAL_Driver/Src/stm32h7xx_hal_dma.c.obj
                0x0800a240                HAL_DMA_Init
 .text.HAL_DMA_Start_IT
                0x0800a5d4      0x298 CMakeFiles/innfos_driver_cpp.elf.dir/Drivers/STM32H7xx_HAL_Driver/Src/stm32h7xx_hal_dma.c.obj
                0x0800a5d4                HAL_DMA_Start_IT
 .text.HAL_DMA_Abort
                0x0800a86c      0x340 CMakeFiles/innfos_driver_cpp.elf.dir/Drivers/STM32H7xx_HAL_Driver/Src/stm32h7xx_hal_dma.c.obj
                0x0800a86c                HAL_DMA_Abort
 .text.HAL_DMA_Abort_IT
                0x0800abac      0x270 CMakeFiles/innfos_driver_cpp.elf.dir/Drivers/STM32H7xx_HAL_Driver/Src/stm32h7xx_hal_dma.c.obj
                0x0800abac                HAL_DMA_Abort_IT
 .text.HAL_DMA_IRQHandler
                0x0800ae1c      0x738 CMakeFiles/innfos_driver_cpp.elf.dir/Drivers/STM32H7xx_HAL_Driver/Src/stm32h7xx_hal_dma.c.obj
                0x0800ae1c                HAL_DMA_IRQHandler
 .text.HAL_DMA_GetError
                0x0800b554        0x4 CMakeFiles/innfos_driver_cpp.elf.dir/Drivers/STM32H7xx_HAL_Driver/Src/stm32h7xx_hal_dma.c.obj
                0x0800b554                HAL_DMA_GetError
 .text.FDCAN_CalcultateRamBlockAddresses
                0x0800b558      0x1d4 CMakeFiles/innfos_driver_cpp.elf.dir/Drivers/STM32H7xx_HAL_Driver/Src/stm32h7xx_hal_fdcan.c.obj
 .text.FDCAN_CopyMessageToRAM
                0x0800b72c       0x8c CMakeFiles/innfos_driver_cpp.elf.dir/Drivers/STM32H7xx_HAL_Driver/Src/stm32h7xx_hal_fdcan.c.obj
 .text.HAL_FDCAN_Init
                0x0800b7b8      0x294 CMakeFiles/innfos_driver_cpp.elf.dir/Drivers/STM32H7xx_HAL_Driver/Src/stm32h7xx_hal_fdcan.c.obj
                0x0800b7b8                HAL_FDCAN_Init
 .text.HAL_FDCAN_ConfigFilter
                0x0800ba4c       0x88 CMakeFiles/innfos_driver_cpp.elf.dir/Drivers/STM32H7xx_HAL_Driver/Src/stm32h7xx_hal_fdcan.c.obj
                0x0800ba4c                HAL_FDCAN_ConfigFilter
 .text.HAL_FDCAN_Start
                0x0800bad4       0x34 CMakeFiles/innfos_driver_cpp.elf.dir/Drivers/STM32H7xx_HAL_Driver/Src/stm32h7xx_hal_fdcan.c.obj
                0x0800bad4                HAL_FDCAN_Start
 .text.HAL_FDCAN_AddMessageToTxFifoQ
                0x0800bb08       0x76 CMakeFiles/innfos_driver_cpp.elf.dir/Drivers/STM32H7xx_HAL_Driver/Src/stm32h7xx_hal_fdcan.c.obj
                0x0800bb08                HAL_FDCAN_AddMessageToTxFifoQ
 *fill*         0x0800bb7e        0x2 
 .text.HAL_FDCAN_GetRxMessage
                0x0800bb80      0x1e8 CMakeFiles/innfos_driver_cpp.elf.dir/Drivers/STM32H7xx_HAL_Driver/Src/stm32h7xx_hal_fdcan.c.obj
                0x0800bb80                HAL_FDCAN_GetRxMessage
 .text.HAL_FDCAN_ActivateNotification
                0x0800bd68       0x90 CMakeFiles/innfos_driver_cpp.elf.dir/Drivers/STM32H7xx_HAL_Driver/Src/stm32h7xx_hal_fdcan.c.obj
                0x0800bd68                HAL_FDCAN_ActivateNotification
 .text.HAL_FDCAN_ClockCalibrationCallback
                0x0800bdf8        0x2 CMakeFiles/innfos_driver_cpp.elf.dir/Drivers/STM32H7xx_HAL_Driver/Src/stm32h7xx_hal_fdcan.c.obj
                0x0800bdf8                HAL_FDCAN_ClockCalibrationCallback
 .text.HAL_FDCAN_TxEventFifoCallback
                0x0800bdfa        0x2 CMakeFiles/innfos_driver_cpp.elf.dir/Drivers/STM32H7xx_HAL_Driver/Src/stm32h7xx_hal_fdcan.c.obj
                0x0800bdfa                HAL_FDCAN_TxEventFifoCallback
 .text.HAL_FDCAN_RxFifo1Callback
                0x0800bdfc        0x2 CMakeFiles/innfos_driver_cpp.elf.dir/Drivers/STM32H7xx_HAL_Driver/Src/stm32h7xx_hal_fdcan.c.obj
                0x0800bdfc                HAL_FDCAN_RxFifo1Callback
 .text.HAL_FDCAN_TxFifoEmptyCallback
                0x0800bdfe        0x2 CMakeFiles/innfos_driver_cpp.elf.dir/Drivers/STM32H7xx_HAL_Driver/Src/stm32h7xx_hal_fdcan.c.obj
                0x0800bdfe                HAL_FDCAN_TxFifoEmptyCallback
 .text.HAL_FDCAN_TxBufferCompleteCallback
                0x0800be00        0x2 CMakeFiles/innfos_driver_cpp.elf.dir/Drivers/STM32H7xx_HAL_Driver/Src/stm32h7xx_hal_fdcan.c.obj
                0x0800be00                HAL_FDCAN_TxBufferCompleteCallback
 .text.HAL_FDCAN_TxBufferAbortCallback
                0x0800be02        0x2 CMakeFiles/innfos_driver_cpp.elf.dir/Drivers/STM32H7xx_HAL_Driver/Src/stm32h7xx_hal_fdcan.c.obj
                0x0800be02                HAL_FDCAN_TxBufferAbortCallback
 .text.HAL_FDCAN_RxBufferNewMessageCallback
                0x0800be04        0x2 CMakeFiles/innfos_driver_cpp.elf.dir/Drivers/STM32H7xx_HAL_Driver/Src/stm32h7xx_hal_fdcan.c.obj
                0x0800be04                HAL_FDCAN_RxBufferNewMessageCallback
 .text.HAL_FDCAN_TimestampWraparoundCallback
                0x0800be06        0x2 CMakeFiles/innfos_driver_cpp.elf.dir/Drivers/STM32H7xx_HAL_Driver/Src/stm32h7xx_hal_fdcan.c.obj
                0x0800be06                HAL_FDCAN_TimestampWraparoundCallback
 .text.HAL_FDCAN_TimeoutOccurredCallback
                0x0800be08        0x2 CMakeFiles/innfos_driver_cpp.elf.dir/Drivers/STM32H7xx_HAL_Driver/Src/stm32h7xx_hal_fdcan.c.obj
                0x0800be08                HAL_FDCAN_TimeoutOccurredCallback
 .text.HAL_FDCAN_HighPriorityMessageCallback
                0x0800be0a        0x2 CMakeFiles/innfos_driver_cpp.elf.dir/Drivers/STM32H7xx_HAL_Driver/Src/stm32h7xx_hal_fdcan.c.obj
                0x0800be0a                HAL_FDCAN_HighPriorityMessageCallback
 .text.HAL_FDCAN_ErrorCallback
                0x0800be0c        0x2 CMakeFiles/innfos_driver_cpp.elf.dir/Drivers/STM32H7xx_HAL_Driver/Src/stm32h7xx_hal_fdcan.c.obj
                0x0800be0c                HAL_FDCAN_ErrorCallback
 .text.HAL_FDCAN_ErrorStatusCallback
                0x0800be0e        0x2 CMakeFiles/innfos_driver_cpp.elf.dir/Drivers/STM32H7xx_HAL_Driver/Src/stm32h7xx_hal_fdcan.c.obj
                0x0800be0e                HAL_FDCAN_ErrorStatusCallback
 .text.HAL_FDCAN_TT_ScheduleSyncCallback
                0x0800be10        0x2 CMakeFiles/innfos_driver_cpp.elf.dir/Drivers/STM32H7xx_HAL_Driver/Src/stm32h7xx_hal_fdcan.c.obj
                0x0800be10                HAL_FDCAN_TT_ScheduleSyncCallback
 .text.HAL_FDCAN_TT_TimeMarkCallback
                0x0800be12        0x2 CMakeFiles/innfos_driver_cpp.elf.dir/Drivers/STM32H7xx_HAL_Driver/Src/stm32h7xx_hal_fdcan.c.obj
                0x0800be12                HAL_FDCAN_TT_TimeMarkCallback
 .text.HAL_FDCAN_TT_StopWatchCallback
                0x0800be14        0x2 CMakeFiles/innfos_driver_cpp.elf.dir/Drivers/STM32H7xx_HAL_Driver/Src/stm32h7xx_hal_fdcan.c.obj
                0x0800be14                HAL_FDCAN_TT_StopWatchCallback
 .text.HAL_FDCAN_TT_GlobalTimeCallback
                0x0800be16        0x2 CMakeFiles/innfos_driver_cpp.elf.dir/Drivers/STM32H7xx_HAL_Driver/Src/stm32h7xx_hal_fdcan.c.obj
                0x0800be16                HAL_FDCAN_TT_GlobalTimeCallback
 .text.HAL_FDCAN_IRQHandler
                0x0800be18      0x31c CMakeFiles/innfos_driver_cpp.elf.dir/Drivers/STM32H7xx_HAL_Driver/Src/stm32h7xx_hal_fdcan.c.obj
                0x0800be18                HAL_FDCAN_IRQHandler
 .text.HAL_GPIO_Init
                0x0800c134      0x214 CMakeFiles/innfos_driver_cpp.elf.dir/Drivers/STM32H7xx_HAL_Driver/Src/stm32h7xx_hal_gpio.c.obj
                0x0800c134                HAL_GPIO_Init
 .text.HAL_PWREx_ConfigSupply
                0x0800c348       0x54 CMakeFiles/innfos_driver_cpp.elf.dir/Drivers/STM32H7xx_HAL_Driver/Src/stm32h7xx_hal_pwr_ex.c.obj
                0x0800c348                HAL_PWREx_ConfigSupply
 .text.HAL_RCC_OscConfig
                0x0800c39c      0x5ec CMakeFiles/innfos_driver_cpp.elf.dir/Drivers/STM32H7xx_HAL_Driver/Src/stm32h7xx_hal_rcc.c.obj
                0x0800c39c                HAL_RCC_OscConfig
 .text.HAL_RCC_GetSysClockFreq
                0x0800c988      0x1f4 CMakeFiles/innfos_driver_cpp.elf.dir/Drivers/STM32H7xx_HAL_Driver/Src/stm32h7xx_hal_rcc.c.obj
                0x0800c988                HAL_RCC_GetSysClockFreq
 .text.HAL_RCC_ClockConfig
                0x0800cb7c      0x294 CMakeFiles/innfos_driver_cpp.elf.dir/Drivers/STM32H7xx_HAL_Driver/Src/stm32h7xx_hal_rcc.c.obj
                0x0800cb7c                HAL_RCC_ClockConfig
 .text.HAL_RCC_GetHCLKFreq
                0x0800ce10       0x44 CMakeFiles/innfos_driver_cpp.elf.dir/Drivers/STM32H7xx_HAL_Driver/Src/stm32h7xx_hal_rcc.c.obj
                0x0800ce10                HAL_RCC_GetHCLKFreq
 .text.HAL_RCC_GetPCLK1Freq
                0x0800ce54       0x24 CMakeFiles/innfos_driver_cpp.elf.dir/Drivers/STM32H7xx_HAL_Driver/Src/stm32h7xx_hal_rcc.c.obj
                0x0800ce54                HAL_RCC_GetPCLK1Freq
 .text.HAL_RCC_GetPCLK2Freq
                0x0800ce78       0x24 CMakeFiles/innfos_driver_cpp.elf.dir/Drivers/STM32H7xx_HAL_Driver/Src/stm32h7xx_hal_rcc.c.obj
                0x0800ce78                HAL_RCC_GetPCLK2Freq
 .text.HAL_RCC_GetClockConfig
                0x0800ce9c       0x54 CMakeFiles/innfos_driver_cpp.elf.dir/Drivers/STM32H7xx_HAL_Driver/Src/stm32h7xx_hal_rcc.c.obj
                0x0800ce9c                HAL_RCC_GetClockConfig
 .text.RCCEx_PLL2_Config
                0x0800cef0      0x10c CMakeFiles/innfos_driver_cpp.elf.dir/Drivers/STM32H7xx_HAL_Driver/Src/stm32h7xx_hal_rcc_ex.c.obj
 .text.RCCEx_PLL3_Config
                0x0800cffc      0x10c CMakeFiles/innfos_driver_cpp.elf.dir/Drivers/STM32H7xx_HAL_Driver/Src/stm32h7xx_hal_rcc_ex.c.obj
 .text.HAL_RCCEx_PeriphCLKConfig
                0x0800d108      0xa0c CMakeFiles/innfos_driver_cpp.elf.dir/Drivers/STM32H7xx_HAL_Driver/Src/stm32h7xx_hal_rcc_ex.c.obj
                0x0800d108                HAL_RCCEx_PeriphCLKConfig
 .text.HAL_RCCEx_GetD3PCLK1Freq
                0x0800db14       0x24 CMakeFiles/innfos_driver_cpp.elf.dir/Drivers/STM32H7xx_HAL_Driver/Src/stm32h7xx_hal_rcc_ex.c.obj
                0x0800db14                HAL_RCCEx_GetD3PCLK1Freq
 .text.HAL_RCCEx_GetPLL2ClockFreq
                0x0800db38      0x1f8 CMakeFiles/innfos_driver_cpp.elf.dir/Drivers/STM32H7xx_HAL_Driver/Src/stm32h7xx_hal_rcc_ex.c.obj
                0x0800db38                HAL_RCCEx_GetPLL2ClockFreq
 .text.HAL_RCCEx_GetPLL3ClockFreq
                0x0800dd30      0x1f8 CMakeFiles/innfos_driver_cpp.elf.dir/Drivers/STM32H7xx_HAL_Driver/Src/stm32h7xx_hal_rcc_ex.c.obj
                0x0800dd30                HAL_RCCEx_GetPLL3ClockFreq
 .text.HAL_TIM_Base_MspInit
                0x0800df28        0x2 CMakeFiles/innfos_driver_cpp.elf.dir/Drivers/STM32H7xx_HAL_Driver/Src/stm32h7xx_hal_tim.c.obj
                0x0800df28                HAL_TIM_Base_MspInit
 *fill*         0x0800df2a        0x2 
 .text.HAL_TIM_Base_Start_IT
                0x0800df2c       0xa0 CMakeFiles/innfos_driver_cpp.elf.dir/Drivers/STM32H7xx_HAL_Driver/Src/stm32h7xx_hal_tim.c.obj
                0x0800df2c                HAL_TIM_Base_Start_IT
 .text.HAL_TIM_OC_DelayElapsedCallback
                0x0800dfcc        0x2 CMakeFiles/innfos_driver_cpp.elf.dir/Drivers/STM32H7xx_HAL_Driver/Src/stm32h7xx_hal_tim.c.obj
                0x0800dfcc                HAL_TIM_OC_DelayElapsedCallback
 .text.HAL_TIM_IC_CaptureCallback
                0x0800dfce        0x2 CMakeFiles/innfos_driver_cpp.elf.dir/Drivers/STM32H7xx_HAL_Driver/Src/stm32h7xx_hal_tim.c.obj
                0x0800dfce                HAL_TIM_IC_CaptureCallback
 .text.HAL_TIM_PWM_PulseFinishedCallback
                0x0800dfd0        0x2 CMakeFiles/innfos_driver_cpp.elf.dir/Drivers/STM32H7xx_HAL_Driver/Src/stm32h7xx_hal_tim.c.obj
                0x0800dfd0                HAL_TIM_PWM_PulseFinishedCallback
 .text.HAL_TIM_TriggerCallback
                0x0800dfd2        0x2 CMakeFiles/innfos_driver_cpp.elf.dir/Drivers/STM32H7xx_HAL_Driver/Src/stm32h7xx_hal_tim.c.obj
                0x0800dfd2                HAL_TIM_TriggerCallback
 .text.HAL_TIM_IRQHandler
                0x0800dfd4      0x17a CMakeFiles/innfos_driver_cpp.elf.dir/Drivers/STM32H7xx_HAL_Driver/Src/stm32h7xx_hal_tim.c.obj
                0x0800dfd4                HAL_TIM_IRQHandler
 *fill*         0x0800e14e        0x2 
 .text.TIM_Base_SetConfig
                0x0800e150      0x130 CMakeFiles/innfos_driver_cpp.elf.dir/Drivers/STM32H7xx_HAL_Driver/Src/stm32h7xx_hal_tim.c.obj
                0x0800e150                TIM_Base_SetConfig
 .text.HAL_TIM_Base_Init
                0x0800e280       0x60 CMakeFiles/innfos_driver_cpp.elf.dir/Drivers/STM32H7xx_HAL_Driver/Src/stm32h7xx_hal_tim.c.obj
                0x0800e280                HAL_TIM_Base_Init
 .text.HAL_TIMEx_CommutCallback
                0x0800e2e0        0x2 CMakeFiles/innfos_driver_cpp.elf.dir/Drivers/STM32H7xx_HAL_Driver/Src/stm32h7xx_hal_tim_ex.c.obj
                0x0800e2e0                HAL_TIMEx_CommutCallback
 .text.HAL_TIMEx_BreakCallback
                0x0800e2e2        0x2 CMakeFiles/innfos_driver_cpp.elf.dir/Drivers/STM32H7xx_HAL_Driver/Src/stm32h7xx_hal_tim_ex.c.obj
                0x0800e2e2                HAL_TIMEx_BreakCallback
 .text.HAL_TIMEx_Break2Callback
                0x0800e2e4        0x2 CMakeFiles/innfos_driver_cpp.elf.dir/Drivers/STM32H7xx_HAL_Driver/Src/stm32h7xx_hal_tim_ex.c.obj
                0x0800e2e4                HAL_TIMEx_Break2Callback
 .text.UART_EndTxTransfer
                0x0800e2e6       0x32 CMakeFiles/innfos_driver_cpp.elf.dir/Drivers/STM32H7xx_HAL_Driver/Src/stm32h7xx_hal_uart.c.obj
 .text.UART_EndRxTransfer
                0x0800e318       0x58 CMakeFiles/innfos_driver_cpp.elf.dir/Drivers/STM32H7xx_HAL_Driver/Src/stm32h7xx_hal_uart.c.obj
 .text.HAL_UART_DMAStop
                0x0800e370       0xb2 CMakeFiles/innfos_driver_cpp.elf.dir/Drivers/STM32H7xx_HAL_Driver/Src/stm32h7xx_hal_uart.c.obj
                0x0800e370                HAL_UART_DMAStop
 .text.HAL_UART_TxCpltCallback
                0x0800e422        0x2 CMakeFiles/innfos_driver_cpp.elf.dir/Drivers/STM32H7xx_HAL_Driver/Src/stm32h7xx_hal_uart.c.obj
                0x0800e422                HAL_UART_TxCpltCallback
 .text.UART_EndTransmit_IT
                0x0800e424       0x24 CMakeFiles/innfos_driver_cpp.elf.dir/Drivers/STM32H7xx_HAL_Driver/Src/stm32h7xx_hal_uart.c.obj
 .text.HAL_UART_RxCpltCallback
                0x0800e448        0x2 CMakeFiles/innfos_driver_cpp.elf.dir/Drivers/STM32H7xx_HAL_Driver/Src/stm32h7xx_hal_uart.c.obj
                0x0800e448                HAL_UART_RxCpltCallback
 .text.HAL_UART_RxHalfCpltCallback
                0x0800e44a        0x2 CMakeFiles/innfos_driver_cpp.elf.dir/Drivers/STM32H7xx_HAL_Driver/Src/stm32h7xx_hal_uart.c.obj
                0x0800e44a                HAL_UART_RxHalfCpltCallback
 .text.HAL_UART_ErrorCallback
                0x0800e44c        0x2 CMakeFiles/innfos_driver_cpp.elf.dir/Drivers/STM32H7xx_HAL_Driver/Src/stm32h7xx_hal_uart.c.obj
                0x0800e44c                HAL_UART_ErrorCallback
 .text.UART_DMAError
                0x0800e44e       0x58 CMakeFiles/innfos_driver_cpp.elf.dir/Drivers/STM32H7xx_HAL_Driver/Src/stm32h7xx_hal_uart.c.obj
 .text.UART_DMAAbortOnError
                0x0800e4a6       0x14 CMakeFiles/innfos_driver_cpp.elf.dir/Drivers/STM32H7xx_HAL_Driver/Src/stm32h7xx_hal_uart.c.obj
 .text.HAL_UARTEx_RxEventCallback
                0x0800e4ba        0x2 CMakeFiles/innfos_driver_cpp.elf.dir/Drivers/STM32H7xx_HAL_Driver/Src/stm32h7xx_hal_uart.c.obj
                0x0800e4ba                HAL_UARTEx_RxEventCallback
 .text.HAL_UART_IRQHandler
                0x0800e4bc      0x3b8 CMakeFiles/innfos_driver_cpp.elf.dir/Drivers/STM32H7xx_HAL_Driver/Src/stm32h7xx_hal_uart.c.obj
                0x0800e4bc                HAL_UART_IRQHandler
 .text.UART_DMARxHalfCplt
                0x0800e874       0x20 CMakeFiles/innfos_driver_cpp.elf.dir/Drivers/STM32H7xx_HAL_Driver/Src/stm32h7xx_hal_uart.c.obj
 .text.UART_DMAReceiveCplt
                0x0800e894       0x90 CMakeFiles/innfos_driver_cpp.elf.dir/Drivers/STM32H7xx_HAL_Driver/Src/stm32h7xx_hal_uart.c.obj
 .text.UART_SetConfig
                0x0800e924      0x6bc CMakeFiles/innfos_driver_cpp.elf.dir/Drivers/STM32H7xx_HAL_Driver/Src/stm32h7xx_hal_uart.c.obj
                0x0800e924                UART_SetConfig
 .text.UART_AdvFeatureConfig
                0x0800efe0       0xca CMakeFiles/innfos_driver_cpp.elf.dir/Drivers/STM32H7xx_HAL_Driver/Src/stm32h7xx_hal_uart.c.obj
                0x0800efe0                UART_AdvFeatureConfig
 .text.UART_WaitOnFlagUntilTimeout
                0x0800f0aa       0xaa CMakeFiles/innfos_driver_cpp.elf.dir/Drivers/STM32H7xx_HAL_Driver/Src/stm32h7xx_hal_uart.c.obj
                0x0800f0aa                UART_WaitOnFlagUntilTimeout
 .text.HAL_UART_Transmit
                0x0800f154       0xd0 CMakeFiles/innfos_driver_cpp.elf.dir/Drivers/STM32H7xx_HAL_Driver/Src/stm32h7xx_hal_uart.c.obj
                0x0800f154                HAL_UART_Transmit
 .text.UART_CheckIdleState
                0x0800f224       0xca CMakeFiles/innfos_driver_cpp.elf.dir/Drivers/STM32H7xx_HAL_Driver/Src/stm32h7xx_hal_uart.c.obj
                0x0800f224                UART_CheckIdleState
 .text.HAL_UART_Init
                0x0800f2ee       0x66 CMakeFiles/innfos_driver_cpp.elf.dir/Drivers/STM32H7xx_HAL_Driver/Src/stm32h7xx_hal_uart.c.obj
                0x0800f2ee                HAL_UART_Init
 .text.UART_Start_Receive_DMA
                0x0800f354       0xb0 CMakeFiles/innfos_driver_cpp.elf.dir/Drivers/STM32H7xx_HAL_Driver/Src/stm32h7xx_hal_uart.c.obj
                0x0800f354                UART_Start_Receive_DMA
 .text.HAL_UART_Receive_DMA
                0x0800f404       0x4c CMakeFiles/innfos_driver_cpp.elf.dir/Drivers/STM32H7xx_HAL_Driver/Src/stm32h7xx_hal_uart.c.obj
                0x0800f404                HAL_UART_Receive_DMA
 .text.UARTEx_SetNbDataToProcess
                0x0800f450       0x4c CMakeFiles/innfos_driver_cpp.elf.dir/Drivers/STM32H7xx_HAL_Driver/Src/stm32h7xx_hal_uart_ex.c.obj
 .text.HAL_UARTEx_WakeupCallback
                0x0800f49c        0x2 CMakeFiles/innfos_driver_cpp.elf.dir/Drivers/STM32H7xx_HAL_Driver/Src/stm32h7xx_hal_uart_ex.c.obj
                0x0800f49c                HAL_UARTEx_WakeupCallback
 .text.HAL_UARTEx_RxFifoFullCallback
                0x0800f49e        0x2 CMakeFiles/innfos_driver_cpp.elf.dir/Drivers/STM32H7xx_HAL_Driver/Src/stm32h7xx_hal_uart_ex.c.obj
                0x0800f49e                HAL_UARTEx_RxFifoFullCallback
 .text.HAL_UARTEx_TxFifoEmptyCallback
                0x0800f4a0        0x2 CMakeFiles/innfos_driver_cpp.elf.dir/Drivers/STM32H7xx_HAL_Driver/Src/stm32h7xx_hal_uart_ex.c.obj
                0x0800f4a0                HAL_UARTEx_TxFifoEmptyCallback
 .text.HAL_UARTEx_DisableFifoMode
                0x0800f4a2       0x3e CMakeFiles/innfos_driver_cpp.elf.dir/Drivers/STM32H7xx_HAL_Driver/Src/stm32h7xx_hal_uart_ex.c.obj
                0x0800f4a2                HAL_UARTEx_DisableFifoMode
 .text.HAL_UARTEx_SetTxFifoThreshold
                0x0800f4e0       0x4a CMakeFiles/innfos_driver_cpp.elf.dir/Drivers/STM32H7xx_HAL_Driver/Src/stm32h7xx_hal_uart_ex.c.obj
                0x0800f4e0                HAL_UARTEx_SetTxFifoThreshold
 .text.HAL_UARTEx_SetRxFifoThreshold
                0x0800f52a       0x4a CMakeFiles/innfos_driver_cpp.elf.dir/Drivers/STM32H7xx_HAL_Driver/Src/stm32h7xx_hal_uart_ex.c.obj
                0x0800f52a                HAL_UARTEx_SetRxFifoThreshold
 .text.elog_set_filter_tag_lvl_default
                0x0800f574       0x48 CMakeFiles/innfos_driver_cpp.elf.dir/Middlewares/Easylogger/elog.c.obj
 .text.elog_set_output_enabled
                0x0800f5bc        0xc CMakeFiles/innfos_driver_cpp.elf.dir/Middlewares/Easylogger/elog.c.obj
                0x0800f5bc                elog_set_output_enabled
 .text.elog_set_text_color_enabled
                0x0800f5c8        0xc CMakeFiles/innfos_driver_cpp.elf.dir/Middlewares/Easylogger/elog.c.obj
                0x0800f5c8                elog_set_text_color_enabled
 .text.elog_output_lock
                0x0800f5d4       0x28 CMakeFiles/innfos_driver_cpp.elf.dir/Middlewares/Easylogger/elog.c.obj
                0x0800f5d4                elog_output_lock
 .text.elog_output_unlock
                0x0800f5fc       0x28 CMakeFiles/innfos_driver_cpp.elf.dir/Middlewares/Easylogger/elog.c.obj
                0x0800f5fc                elog_output_unlock
 .text.elog_output
                0x0800f624      0x3d0 CMakeFiles/innfos_driver_cpp.elf.dir/Middlewares/Easylogger/elog.c.obj
                0x0800f624                elog_output
 .text.elog_start
                0x0800f9f4       0x4c CMakeFiles/innfos_driver_cpp.elf.dir/Middlewares/Easylogger/elog.c.obj
                0x0800f9f4                elog_start
 .text.elog_set_fmt
                0x0800fa40       0x68 CMakeFiles/innfos_driver_cpp.elf.dir/Middlewares/Easylogger/elog.c.obj
                0x0800fa40                elog_set_fmt
 .text.elog_set_filter_lvl
                0x0800faa8       0x60 CMakeFiles/innfos_driver_cpp.elf.dir/Middlewares/Easylogger/elog.c.obj
                0x0800faa8                elog_set_filter_lvl
 .text.elog_get_filter_tag_lvl
                0x0800fb08       0xb8 CMakeFiles/innfos_driver_cpp.elf.dir/Middlewares/Easylogger/elog.c.obj
                0x0800fb08                elog_get_filter_tag_lvl
 .text.get_fmt_enabled
                0x0800fbc0       0x70 CMakeFiles/innfos_driver_cpp.elf.dir/Middlewares/Easylogger/elog.c.obj
 .text.get_fmt_used_and_enabled_u32
                0x0800fc30       0x16 CMakeFiles/innfos_driver_cpp.elf.dir/Middlewares/Easylogger/elog.c.obj
 .text.get_fmt_used_and_enabled_ptr
                0x0800fc46       0x16 CMakeFiles/innfos_driver_cpp.elf.dir/Middlewares/Easylogger/elog.c.obj
 .text.elog_output_lock_enabled
                0x0800fc5c       0x34 CMakeFiles/innfos_driver_cpp.elf.dir/Middlewares/Easylogger/elog.c.obj
                0x0800fc5c                elog_output_lock_enabled
 .text.elog_init
                0x0800fc90       0x48 CMakeFiles/innfos_driver_cpp.elf.dir/Middlewares/Easylogger/elog.c.obj
                0x0800fc90                elog_init
 .text.__io_putchar
                0x0800fcd8       0x1c CMakeFiles/innfos_driver_cpp.elf.dir/Middlewares/Easylogger/elog_port.c.obj
                0x0800fcd8                __io_putchar
 .text.elog_port_init
                0x0800fcf4       0x14 CMakeFiles/innfos_driver_cpp.elf.dir/Middlewares/Easylogger/elog_port.c.obj
                0x0800fcf4                elog_port_init
 .text.elog_port_output
                0x0800fd08       0x14 CMakeFiles/innfos_driver_cpp.elf.dir/Middlewares/Easylogger/elog_port.c.obj
                0x0800fd08                elog_port_output
 .text.elog_port_output_lock
                0x0800fd1c       0x18 CMakeFiles/innfos_driver_cpp.elf.dir/Middlewares/Easylogger/elog_port.c.obj
                0x0800fd1c                elog_port_output_lock
 .text.elog_port_output_unlock
                0x0800fd34       0x18 CMakeFiles/innfos_driver_cpp.elf.dir/Middlewares/Easylogger/elog_port.c.obj
                0x0800fd34                elog_port_output_unlock
 .text.elog_port_get_time
                0x0800fd4c       0x4c CMakeFiles/innfos_driver_cpp.elf.dir/Middlewares/Easylogger/elog_port.c.obj
                0x0800fd4c                elog_port_get_time
 .text.elog_port_get_p_info
                0x0800fd98        0x8 CMakeFiles/innfos_driver_cpp.elf.dir/Middlewares/Easylogger/elog_port.c.obj
                0x0800fd98                elog_port_get_p_info
 .text.elog_port_get_t_info
                0x0800fda0       0x1c CMakeFiles/innfos_driver_cpp.elf.dir/Middlewares/Easylogger/elog_port.c.obj
                0x0800fda0                elog_port_get_t_info
 .text.log_init
                0x0800fdbc       0x42 CMakeFiles/innfos_driver_cpp.elf.dir/Middlewares/Easylogger/elog_port.c.obj
                0x0800fdbc                log_init
 *fill*         0x0800fdfe        0x2 
 .text.elog_strcpy
                0x0800fe00       0xac CMakeFiles/innfos_driver_cpp.elf.dir/Middlewares/Easylogger/elog_utils.c.obj
                0x0800fe00                elog_strcpy
 .text.prvGetNumberOfParameters
                0x0800feac       0x28 CMakeFiles/innfos_driver_cpp.elf.dir/Middlewares/FreeRTOS_CLI/FreeRTOS_CLI.c.obj
 .text.prvHelpCommand
                0x0800fed4       0x34 CMakeFiles/innfos_driver_cpp.elf.dir/Middlewares/FreeRTOS_CLI/FreeRTOS_CLI.c.obj
 .text.FreeRTOS_CLIRegisterCommand
                0x0800ff08       0x54 CMakeFiles/innfos_driver_cpp.elf.dir/Middlewares/FreeRTOS_CLI/FreeRTOS_CLI.c.obj
                0x0800ff08                FreeRTOS_CLIRegisterCommand
 .text.FreeRTOS_CLIProcessCommand
                0x0800ff5c       0xc8 CMakeFiles/innfos_driver_cpp.elf.dir/Middlewares/FreeRTOS_CLI/FreeRTOS_CLI.c.obj
                0x0800ff5c                FreeRTOS_CLIProcessCommand
 .text.FreeRTOS_CLIGetOutputBuffer
                0x08010024        0x8 CMakeFiles/innfos_driver_cpp.elf.dir/Middlewares/FreeRTOS_CLI/FreeRTOS_CLI.c.obj
                0x08010024                FreeRTOS_CLIGetOutputBuffer
 .text.vRegisterSampleCLICommands
                0x0801002c        0x2 CMakeFiles/innfos_driver_cpp.elf.dir/Middlewares/FreeRTOS_CLI/Sample-CLI-commands.c.obj
                0x0801002c                vRegisterSampleCLICommands
 *fill*         0x0801002e        0x2 
 .text.prvUARTCommandConsoleTask
                0x08010030      0x114 CMakeFiles/innfos_driver_cpp.elf.dir/Middlewares/FreeRTOS_CLI/UARTCommandConsole.c.obj
 .text.vUARTCommandConsoleStart
                0x08010144       0x48 CMakeFiles/innfos_driver_cpp.elf.dir/Middlewares/FreeRTOS_CLI/UARTCommandConsole.c.obj
                0x08010144                vUARTCommandConsoleStart
 .text.xSerialPortInitMinimal
                0x0801018c       0x2c CMakeFiles/innfos_driver_cpp.elf.dir/Middlewares/FreeRTOS_CLI/serial.c.obj
                0x0801018c                xSerialPortInitMinimal
 .text.xSerialGetChar
                0x080101b8       0x14 CMakeFiles/innfos_driver_cpp.elf.dir/Middlewares/FreeRTOS_CLI/serial.c.obj
                0x080101b8                xSerialGetChar
 .text.xSerialPutChar
                0x080101cc       0x50 CMakeFiles/innfos_driver_cpp.elf.dir/Middlewares/FreeRTOS_CLI/serial.c.obj
                0x080101cc                xSerialPutChar
 .text.vSerialPutString
                0x0801021c       0x1c CMakeFiles/innfos_driver_cpp.elf.dir/Middlewares/FreeRTOS_CLI/serial.c.obj
                0x0801021c                vSerialPutString
 .text.vUARTInterruptHandler
                0x08010238       0x58 CMakeFiles/innfos_driver_cpp.elf.dir/Middlewares/FreeRTOS_CLI/serial.c.obj
                0x08010238                vUARTInterruptHandler
 .text.makeFreeRtosPriority
                0x08010290        0xc CMakeFiles/innfos_driver_cpp.elf.dir/Middlewares/Third_Party/FreeRTOS/Source/CMSIS_RTOS/cmsis_os.c.obj
 .text.osKernelStart
                0x0801029c        0xa CMakeFiles/innfos_driver_cpp.elf.dir/Middlewares/Third_Party/FreeRTOS/Source/CMSIS_RTOS/cmsis_os.c.obj
                0x0801029c                osKernelStart
 .text.osThreadCreate
                0x080102a6       0x6a CMakeFiles/innfos_driver_cpp.elf.dir/Middlewares/Third_Party/FreeRTOS/Source/CMSIS_RTOS/cmsis_os.c.obj
                0x080102a6                osThreadCreate
 .text.osDelay  0x08010310        0xe CMakeFiles/innfos_driver_cpp.elf.dir/Middlewares/Third_Party/FreeRTOS/Source/CMSIS_RTOS/cmsis_os.c.obj
                0x08010310                osDelay
 .text.vListInitialise
                0x0801031e       0x16 CMakeFiles/innfos_driver_cpp.elf.dir/Middlewares/Third_Party/FreeRTOS/Source/list.c.obj
                0x0801031e                vListInitialise
 .text.vListInitialiseItem
                0x08010334        0x6 CMakeFiles/innfos_driver_cpp.elf.dir/Middlewares/Third_Party/FreeRTOS/Source/list.c.obj
                0x08010334                vListInitialiseItem
 .text.vListInsertEnd
                0x0801033a       0x16 CMakeFiles/innfos_driver_cpp.elf.dir/Middlewares/Third_Party/FreeRTOS/Source/list.c.obj
                0x0801033a                vListInsertEnd
 .text.vListInsert
                0x08010350       0x32 CMakeFiles/innfos_driver_cpp.elf.dir/Middlewares/Third_Party/FreeRTOS/Source/list.c.obj
                0x08010350                vListInsert
 .text.uxListRemove
                0x08010382       0x26 CMakeFiles/innfos_driver_cpp.elf.dir/Middlewares/Third_Party/FreeRTOS/Source/list.c.obj
                0x08010382                uxListRemove
 .text.prvTaskExitError
                0x080103a8       0x40 CMakeFiles/innfos_driver_cpp.elf.dir/Middlewares/Third_Party/FreeRTOS/Source/portable/GCC/ARM_CM4F/port.c.obj
 .text.prvPortStartFirstTask
                0x080103e8       0x28 CMakeFiles/innfos_driver_cpp.elf.dir/Middlewares/Third_Party/FreeRTOS/Source/portable/GCC/ARM_CM4F/port.c.obj
 .text.vPortEnableVFP
                0x08010410       0x14 CMakeFiles/innfos_driver_cpp.elf.dir/Middlewares/Third_Party/FreeRTOS/Source/portable/GCC/ARM_CM4F/port.c.obj
 .text.pxPortInitialiseStack
                0x08010424       0x2c CMakeFiles/innfos_driver_cpp.elf.dir/Middlewares/Third_Party/FreeRTOS/Source/portable/GCC/ARM_CM4F/port.c.obj
                0x08010424                pxPortInitialiseStack
 .text.SVC_Handler
                0x08010450       0x24 CMakeFiles/innfos_driver_cpp.elf.dir/Middlewares/Third_Party/FreeRTOS/Source/portable/GCC/ARM_CM4F/port.c.obj
                0x08010450                SVC_Handler
 .text.vPortEnterCritical
                0x08010474       0x44 CMakeFiles/innfos_driver_cpp.elf.dir/Middlewares/Third_Party/FreeRTOS/Source/portable/GCC/ARM_CM4F/port.c.obj
                0x08010474                vPortEnterCritical
 .text.vPortExitCritical
                0x080104b8       0x2c CMakeFiles/innfos_driver_cpp.elf.dir/Middlewares/Third_Party/FreeRTOS/Source/portable/GCC/ARM_CM4F/port.c.obj
                0x080104b8                vPortExitCritical
 *fill*         0x080104e4        0xc 
 .text.PendSV_Handler
                0x080104f0       0x64 CMakeFiles/innfos_driver_cpp.elf.dir/Middlewares/Third_Party/FreeRTOS/Source/portable/GCC/ARM_CM4F/port.c.obj
                0x080104f0                PendSV_Handler
 .text.SysTick_Handler
                0x08010554       0x2c CMakeFiles/innfos_driver_cpp.elf.dir/Middlewares/Third_Party/FreeRTOS/Source/portable/GCC/ARM_CM4F/port.c.obj
                0x08010554                SysTick_Handler
 .text.vPortSetupTimerInterrupt
                0x08010580       0x28 CMakeFiles/innfos_driver_cpp.elf.dir/Middlewares/Third_Party/FreeRTOS/Source/portable/GCC/ARM_CM4F/port.c.obj
                0x08010580                vPortSetupTimerInterrupt
 .text.xPortStartScheduler
                0x080105a8      0x118 CMakeFiles/innfos_driver_cpp.elf.dir/Middlewares/Third_Party/FreeRTOS/Source/portable/GCC/ARM_CM4F/port.c.obj
                0x080105a8                xPortStartScheduler
 .text.vPortValidateInterruptPriority
                0x080106c0       0x5c CMakeFiles/innfos_driver_cpp.elf.dir/Middlewares/Third_Party/FreeRTOS/Source/portable/GCC/ARM_CM4F/port.c.obj
                0x080106c0                vPortValidateInterruptPriority
 .text.prvHeapInit
                0x0801071c       0x64 CMakeFiles/innfos_driver_cpp.elf.dir/Middlewares/Third_Party/FreeRTOS/Source/portable/MemMang/heap_4.c.obj
 .text.prvInsertBlockIntoFreeList
                0x08010780       0x64 CMakeFiles/innfos_driver_cpp.elf.dir/Middlewares/Third_Party/FreeRTOS/Source/portable/MemMang/heap_4.c.obj
 .text.pvPortMalloc
                0x080107e4       0xfc CMakeFiles/innfos_driver_cpp.elf.dir/Middlewares/Third_Party/FreeRTOS/Source/portable/MemMang/heap_4.c.obj
                0x080107e4                pvPortMalloc
 .text.vPortFree
                0x080108e0       0x7c CMakeFiles/innfos_driver_cpp.elf.dir/Middlewares/Third_Party/FreeRTOS/Source/portable/MemMang/heap_4.c.obj
                0x080108e0                vPortFree
 .text.prvGetDisinheritPriorityAfterTimeout
                0x0801095c       0x10 CMakeFiles/innfos_driver_cpp.elf.dir/Middlewares/Third_Party/FreeRTOS/Source/queue.c.obj
 .text.prvIsQueueFull
                0x0801096c       0x1e CMakeFiles/innfos_driver_cpp.elf.dir/Middlewares/Third_Party/FreeRTOS/Source/queue.c.obj
 .text.prvIsQueueEmpty
                0x0801098a       0x1a CMakeFiles/innfos_driver_cpp.elf.dir/Middlewares/Third_Party/FreeRTOS/Source/queue.c.obj
 .text.prvCopyDataToQueue
                0x080109a4       0x76 CMakeFiles/innfos_driver_cpp.elf.dir/Middlewares/Third_Party/FreeRTOS/Source/queue.c.obj
 .text.prvCopyDataFromQueue
                0x08010a1a       0x24 CMakeFiles/innfos_driver_cpp.elf.dir/Middlewares/Third_Party/FreeRTOS/Source/queue.c.obj
 .text.prvUnlockQueue
                0x08010a3e       0x6e CMakeFiles/innfos_driver_cpp.elf.dir/Middlewares/Third_Party/FreeRTOS/Source/queue.c.obj
 .text.xQueueGenericReset
                0x08010aac       0x84 CMakeFiles/innfos_driver_cpp.elf.dir/Middlewares/Third_Party/FreeRTOS/Source/queue.c.obj
                0x08010aac                xQueueGenericReset
 .text.prvInitialiseNewQueue
                0x08010b30       0x22 CMakeFiles/innfos_driver_cpp.elf.dir/Middlewares/Third_Party/FreeRTOS/Source/queue.c.obj
 .text.xQueueGenericCreateStatic
                0x08010b52       0xa6 CMakeFiles/innfos_driver_cpp.elf.dir/Middlewares/Third_Party/FreeRTOS/Source/queue.c.obj
                0x08010b52                xQueueGenericCreateStatic
 .text.xQueueGenericCreate
                0x08010bf8       0x48 CMakeFiles/innfos_driver_cpp.elf.dir/Middlewares/Third_Party/FreeRTOS/Source/queue.c.obj
                0x08010bf8                xQueueGenericCreate
 .text.xQueueGenericSend
                0x08010c40      0x188 CMakeFiles/innfos_driver_cpp.elf.dir/Middlewares/Third_Party/FreeRTOS/Source/queue.c.obj
                0x08010c40                xQueueGenericSend
 .text.prvInitialiseMutex
                0x08010dc8       0x18 CMakeFiles/innfos_driver_cpp.elf.dir/Middlewares/Third_Party/FreeRTOS/Source/queue.c.obj
 .text.xQueueCreateMutex
                0x08010de0       0x16 CMakeFiles/innfos_driver_cpp.elf.dir/Middlewares/Third_Party/FreeRTOS/Source/queue.c.obj
                0x08010de0                xQueueCreateMutex
 .text.xQueueGenericSendFromISR
                0x08010df6       0xce CMakeFiles/innfos_driver_cpp.elf.dir/Middlewares/Third_Party/FreeRTOS/Source/queue.c.obj
                0x08010df6                xQueueGenericSendFromISR
 .text.xQueueGiveFromISR
                0x08010ec4       0xb2 CMakeFiles/innfos_driver_cpp.elf.dir/Middlewares/Third_Party/FreeRTOS/Source/queue.c.obj
                0x08010ec4                xQueueGiveFromISR
 .text.xQueueReceive
                0x08010f76      0x15e CMakeFiles/innfos_driver_cpp.elf.dir/Middlewares/Third_Party/FreeRTOS/Source/queue.c.obj
                0x08010f76                xQueueReceive
 .text.xQueueSemaphoreTake
                0x080110d4      0x1a6 CMakeFiles/innfos_driver_cpp.elf.dir/Middlewares/Third_Party/FreeRTOS/Source/queue.c.obj
                0x080110d4                xQueueSemaphoreTake
 *fill*         0x0801127a        0x2 
 .text.vQueueAddToRegistry
                0x0801127c       0x28 CMakeFiles/innfos_driver_cpp.elf.dir/Middlewares/Third_Party/FreeRTOS/Source/queue.c.obj
                0x0801127c                vQueueAddToRegistry
 .text.vQueueWaitForMessageRestricted
                0x080112a4       0x52 CMakeFiles/innfos_driver_cpp.elf.dir/Middlewares/Third_Party/FreeRTOS/Source/queue.c.obj
                0x080112a4                vQueueWaitForMessageRestricted
 .text.prvTaskCheckFreeStackSpace
                0x080112f6       0x14 CMakeFiles/innfos_driver_cpp.elf.dir/Middlewares/Third_Party/FreeRTOS/Source/tasks.c.obj
 *fill*         0x0801130a        0x2 
 .text.prvResetNextTaskUnblockTime
                0x0801130c       0x2c CMakeFiles/innfos_driver_cpp.elf.dir/Middlewares/Third_Party/FreeRTOS/Source/tasks.c.obj
 .text.prvInitialiseNewTask
                0x08011338      0x106 CMakeFiles/innfos_driver_cpp.elf.dir/Middlewares/Third_Party/FreeRTOS/Source/tasks.c.obj
 *fill*         0x0801143e        0x2 
 .text.prvInitialiseTaskLists
                0x08011440       0x68 CMakeFiles/innfos_driver_cpp.elf.dir/Middlewares/Third_Party/FreeRTOS/Source/tasks.c.obj
 .text.prvAddNewTaskToReadyList
                0x080114a8       0xac CMakeFiles/innfos_driver_cpp.elf.dir/Middlewares/Third_Party/FreeRTOS/Source/tasks.c.obj
 .text.prvDeleteTCB
                0x08011554       0x40 CMakeFiles/innfos_driver_cpp.elf.dir/Middlewares/Third_Party/FreeRTOS/Source/tasks.c.obj
 .text.prvCheckTasksWaitingTermination
                0x08011594       0x4c CMakeFiles/innfos_driver_cpp.elf.dir/Middlewares/Third_Party/FreeRTOS/Source/tasks.c.obj
 .text.prvIdleTask
                0x080115e0       0x28 CMakeFiles/innfos_driver_cpp.elf.dir/Middlewares/Third_Party/FreeRTOS/Source/tasks.c.obj
 .text.prvAddCurrentTaskToDelayedList
                0x08011608       0xa0 CMakeFiles/innfos_driver_cpp.elf.dir/Middlewares/Third_Party/FreeRTOS/Source/tasks.c.obj
 .text.prvWriteNameToBuffer
                0x080116a8       0x22 CMakeFiles/innfos_driver_cpp.elf.dir/Middlewares/Third_Party/FreeRTOS/Source/tasks.c.obj
 .text.xTaskCreateStatic
                0x080116ca       0x7a CMakeFiles/innfos_driver_cpp.elf.dir/Middlewares/Third_Party/FreeRTOS/Source/tasks.c.obj
                0x080116ca                xTaskCreateStatic
 .text.xTaskCreate
                0x08011744       0x6a CMakeFiles/innfos_driver_cpp.elf.dir/Middlewares/Third_Party/FreeRTOS/Source/tasks.c.obj
                0x08011744                xTaskCreate
 *fill*         0x080117ae        0x2 
 .text.eTaskGetState
                0x080117b0       0x8c CMakeFiles/innfos_driver_cpp.elf.dir/Middlewares/Third_Party/FreeRTOS/Source/tasks.c.obj
                0x080117b0                eTaskGetState
 .text.vTaskStartScheduler
                0x0801183c       0xac CMakeFiles/innfos_driver_cpp.elf.dir/Middlewares/Third_Party/FreeRTOS/Source/tasks.c.obj
                0x0801183c                vTaskStartScheduler
 .text.vTaskSuspendAll
                0x080118e8       0x10 CMakeFiles/innfos_driver_cpp.elf.dir/Middlewares/Third_Party/FreeRTOS/Source/tasks.c.obj
                0x080118e8                vTaskSuspendAll
 .text.xTaskGetTickCount
                0x080118f8        0xc CMakeFiles/innfos_driver_cpp.elf.dir/Middlewares/Third_Party/FreeRTOS/Source/tasks.c.obj
                0x080118f8                xTaskGetTickCount
 .text.pcTaskGetName
                0x08011904       0x28 CMakeFiles/innfos_driver_cpp.elf.dir/Middlewares/Third_Party/FreeRTOS/Source/tasks.c.obj
                0x08011904                pcTaskGetName
 .text.xTaskIncrementTick
                0x0801192c      0x118 CMakeFiles/innfos_driver_cpp.elf.dir/Middlewares/Third_Party/FreeRTOS/Source/tasks.c.obj
                0x0801192c                xTaskIncrementTick
 .text.xTaskResumeAll
                0x08011a44       0xf8 CMakeFiles/innfos_driver_cpp.elf.dir/Middlewares/Third_Party/FreeRTOS/Source/tasks.c.obj
                0x08011a44                xTaskResumeAll
 .text.vTaskDelay
                0x08011b3c       0x4c CMakeFiles/innfos_driver_cpp.elf.dir/Middlewares/Third_Party/FreeRTOS/Source/tasks.c.obj
                0x08011b3c                vTaskDelay
 .text.vTaskSwitchContext
                0x08011b88       0xa4 CMakeFiles/innfos_driver_cpp.elf.dir/Middlewares/Third_Party/FreeRTOS/Source/tasks.c.obj
                0x08011b88                vTaskSwitchContext
 .text.vTaskPlaceOnEventList
                0x08011c2c       0x30 CMakeFiles/innfos_driver_cpp.elf.dir/Middlewares/Third_Party/FreeRTOS/Source/tasks.c.obj
                0x08011c2c                vTaskPlaceOnEventList
 .text.vTaskPlaceOnEventListRestricted
                0x08011c5c       0x38 CMakeFiles/innfos_driver_cpp.elf.dir/Middlewares/Third_Party/FreeRTOS/Source/tasks.c.obj
                0x08011c5c                vTaskPlaceOnEventListRestricted
 .text.xTaskRemoveFromEventList
                0x08011c94       0x8c CMakeFiles/innfos_driver_cpp.elf.dir/Middlewares/Third_Party/FreeRTOS/Source/tasks.c.obj
                0x08011c94                xTaskRemoveFromEventList
 .text.vTaskInternalSetTimeOutState
                0x08011d20       0x18 CMakeFiles/innfos_driver_cpp.elf.dir/Middlewares/Third_Party/FreeRTOS/Source/tasks.c.obj
                0x08011d20                vTaskInternalSetTimeOutState
 .text.xTaskCheckForTimeOut
                0x08011d38       0x84 CMakeFiles/innfos_driver_cpp.elf.dir/Middlewares/Third_Party/FreeRTOS/Source/tasks.c.obj
                0x08011d38                xTaskCheckForTimeOut
 .text.vTaskMissedYield
                0x08011dbc        0xc CMakeFiles/innfos_driver_cpp.elf.dir/Middlewares/Third_Party/FreeRTOS/Source/tasks.c.obj
                0x08011dbc                vTaskMissedYield
 .text.vTaskGetInfo
                0x08011dc8       0x78 CMakeFiles/innfos_driver_cpp.elf.dir/Middlewares/Third_Party/FreeRTOS/Source/tasks.c.obj
                0x08011dc8                vTaskGetInfo
 .text.prvListTasksWithinSingleList
                0x08011e40       0x5e CMakeFiles/innfos_driver_cpp.elf.dir/Middlewares/Third_Party/FreeRTOS/Source/tasks.c.obj
 *fill*         0x08011e9e        0x2 
 .text.uxTaskGetSystemState
                0x08011ea0       0xb0 CMakeFiles/innfos_driver_cpp.elf.dir/Middlewares/Third_Party/FreeRTOS/Source/tasks.c.obj
                0x08011ea0                uxTaskGetSystemState
 .text.xTaskGetCurrentTaskHandle
                0x08011f50        0xc CMakeFiles/innfos_driver_cpp.elf.dir/Middlewares/Third_Party/FreeRTOS/Source/tasks.c.obj
                0x08011f50                xTaskGetCurrentTaskHandle
 .text.xTaskGetSchedulerState
                0x08011f5c       0x20 CMakeFiles/innfos_driver_cpp.elf.dir/Middlewares/Third_Party/FreeRTOS/Source/tasks.c.obj
                0x08011f5c                xTaskGetSchedulerState
 .text.xTaskPriorityInherit
                0x08011f7c       0xac CMakeFiles/innfos_driver_cpp.elf.dir/Middlewares/Third_Party/FreeRTOS/Source/tasks.c.obj
                0x08011f7c                xTaskPriorityInherit
 .text.xTaskPriorityDisinherit
                0x08012028       0xb4 CMakeFiles/innfos_driver_cpp.elf.dir/Middlewares/Third_Party/FreeRTOS/Source/tasks.c.obj
                0x08012028                xTaskPriorityDisinherit
 .text.vTaskPriorityDisinheritAfterTimeout
                0x080120dc       0xb4 CMakeFiles/innfos_driver_cpp.elf.dir/Middlewares/Third_Party/FreeRTOS/Source/tasks.c.obj
                0x080120dc                vTaskPriorityDisinheritAfterTimeout
 .text.vTaskList
                0x08012190       0xbc CMakeFiles/innfos_driver_cpp.elf.dir/Middlewares/Third_Party/FreeRTOS/Source/tasks.c.obj
                0x08012190                vTaskList
 .text.pvTaskIncrementMutexHeldCount
                0x0801224c       0x1c CMakeFiles/innfos_driver_cpp.elf.dir/Middlewares/Third_Party/FreeRTOS/Source/tasks.c.obj
                0x0801224c                pvTaskIncrementMutexHeldCount
 .text.prvGetNextExpireTime
                0x08012268       0x20 CMakeFiles/innfos_driver_cpp.elf.dir/Middlewares/Third_Party/FreeRTOS/Source/timers.c.obj
 .text.prvInsertTimerInActiveList
                0x08012288       0x50 CMakeFiles/innfos_driver_cpp.elf.dir/Middlewares/Third_Party/FreeRTOS/Source/timers.c.obj
 .text.prvCheckForValidListAndQueue
                0x080122d8       0x70 CMakeFiles/innfos_driver_cpp.elf.dir/Middlewares/Third_Party/FreeRTOS/Source/timers.c.obj
 .text.prvInitialiseNewTimer
                0x08012348       0x4c CMakeFiles/innfos_driver_cpp.elf.dir/Middlewares/Third_Party/FreeRTOS/Source/timers.c.obj
 .text.xTimerCreateTimerTask
                0x08012394       0x64 CMakeFiles/innfos_driver_cpp.elf.dir/Middlewares/Third_Party/FreeRTOS/Source/timers.c.obj
                0x08012394                xTimerCreateTimerTask
 .text.xTimerCreate
                0x080123f8       0x38 CMakeFiles/innfos_driver_cpp.elf.dir/Middlewares/Third_Party/FreeRTOS/Source/timers.c.obj
                0x080123f8                xTimerCreate
 .text.xTimerGenericCommand
                0x08012430       0x6c CMakeFiles/innfos_driver_cpp.elf.dir/Middlewares/Third_Party/FreeRTOS/Source/timers.c.obj
                0x08012430                xTimerGenericCommand
 .text.prvSwitchTimerLists
                0x0801249c       0x7c CMakeFiles/innfos_driver_cpp.elf.dir/Middlewares/Third_Party/FreeRTOS/Source/timers.c.obj
 .text.prvSampleTimeNow
                0x08012518       0x2c CMakeFiles/innfos_driver_cpp.elf.dir/Middlewares/Third_Party/FreeRTOS/Source/timers.c.obj
 .text.prvProcessExpiredTimer
                0x08012544       0x6c CMakeFiles/innfos_driver_cpp.elf.dir/Middlewares/Third_Party/FreeRTOS/Source/timers.c.obj
 .text.prvProcessTimerOrBlockTask
                0x080125b0       0x78 CMakeFiles/innfos_driver_cpp.elf.dir/Middlewares/Third_Party/FreeRTOS/Source/timers.c.obj
 .text.prvProcessReceivedCommands
                0x08012628       0xfc CMakeFiles/innfos_driver_cpp.elf.dir/Middlewares/Third_Party/FreeRTOS/Source/timers.c.obj
 .text.prvTimerTask
                0x08012724       0x16 CMakeFiles/innfos_driver_cpp.elf.dir/Middlewares/Third_Party/FreeRTOS/Source/timers.c.obj
 *fill*         0x0801273a        0x2 
 .text._ZN3CanC2Ev
                0x0801273c       0x4c CMakeFiles/innfos_driver_cpp.elf.dir/Peripherals/FDCAN/my_fdcan.cpp.obj
                0x0801273c                Can::Can()
                0x0801273c                Can::Can()
 .text._ZN3CanD2Ev
                0x08012788       0x10 CMakeFiles/innfos_driver_cpp.elf.dir/Peripherals/FDCAN/my_fdcan.cpp.obj
                0x08012788                Can::~Can()
                0x08012788                Can::~Can()
 .text._ZN3Can4initEP19FDCAN_HandleTypeDef
                0x08012798       0x6e CMakeFiles/innfos_driver_cpp.elf.dir/Peripherals/FDCAN/my_fdcan.cpp.obj
                0x08012798                Can::init(FDCAN_HandleTypeDef*)
 .text._ZN3Can4sendEmPhh
                0x08012806       0x50 CMakeFiles/innfos_driver_cpp.elf.dir/Peripherals/FDCAN/my_fdcan.cpp.obj
                0x08012806                Can::send(unsigned long, unsigned char*, unsigned char)
 .text._ZN3Can7receiveEv
                0x08012856       0x12 CMakeFiles/innfos_driver_cpp.elf.dir/Peripherals/FDCAN/my_fdcan.cpp.obj
                0x08012856                Can::receive()
 .text.HAL_FDCAN_RxFifo0Callback
                0x08012868       0x44 CMakeFiles/innfos_driver_cpp.elf.dir/Peripherals/FDCAN/my_fdcan.cpp.obj
                0x08012868                HAL_FDCAN_RxFifo0Callback
 .text.uart_dma_init
                0x080128ac       0x36 CMakeFiles/innfos_driver_cpp.elf.dir/Peripherals/USART/myusart.c.obj
                0x080128ac                uart_dma_init
 *fill*         0x080128e2        0x2 
 .text.uart_idle_callback
                0x080128e4       0xc4 CMakeFiles/innfos_driver_cpp.elf.dir/Peripherals/USART/myusart.c.obj
                0x080128e4                uart_idle_callback
 .text.uart_transmit
                0x080129a8       0x38 CMakeFiles/innfos_driver_cpp.elf.dir/Peripherals/USART/myusart.c.obj
                0x080129a8                uart_transmit
 .text._ZL15find_parametersPKchPPc
                0x080129e0       0xd0 CMakeFiles/innfos_driver_cpp.elf.dir/Sys/cmd.cpp.obj
 .text.set_command
                0x08012ab0      0x378 CMakeFiles/innfos_driver_cpp.elf.dir/Sys/cmd.cpp.obj
 .text.get_command
                0x08012e28      0x230 CMakeFiles/innfos_driver_cpp.elf.dir/Sys/cmd.cpp.obj
 .text.system_reset
                0x08013058       0xf4 CMakeFiles/innfos_driver_cpp.elf.dir/Sys/cmd.cpp.obj
 .text.cmd_init
                0x0801314c       0x2c CMakeFiles/innfos_driver_cpp.elf.dir/Sys/cmd.cpp.obj
                0x0801314c                cmd_init
 .text.start_task
                0x08013178       0x80 CMakeFiles/innfos_driver_cpp.elf.dir/Sys/global.cpp.obj
                0x08013178                start_task
 .text.start_task_init
                0x080131f8       0x2c CMakeFiles/innfos_driver_cpp.elf.dir/Sys/global.cpp.obj
                0x080131f8                start_task_init
 .text.debug_init
                0x08013224       0xe0 CMakeFiles/innfos_driver_cpp.elf.dir/Sys/system.c.obj
                0x08013224                debug_init
 .text.system_reset_soft
                0x08013304       0x6c CMakeFiles/innfos_driver_cpp.elf.dir/Sys/system.c.obj
                0x08013304                system_reset_soft
 .text.__aeabi_atexit
                0x08013370        0xc d:/toolchain/gcc-arm-none-eabi-10.3-2021.10/bin/../lib/gcc/arm-none-eabi/10.3.1/../../../../arm-none-eabi/lib/thumb/v7e-m+fp/hard\libstdc++.a(atexit_arm.o)
                0x08013370                __aeabi_atexit
 .text.__cxa_end_cleanup
                0x0801337c        0xc d:/toolchain/gcc-arm-none-eabi-10.3-2021.10/bin/../lib/gcc/arm-none-eabi/10.3.1/../../../../arm-none-eabi/lib/thumb/v7e-m+fp/hard\libstdc++.a(eh_arm.o)
                0x0801337c                __cxa_end_cleanup
 .text.__cxa_type_match
                0x08013388       0xb4 d:/toolchain/gcc-arm-none-eabi-10.3-2021.10/bin/../lib/gcc/arm-none-eabi/10.3.1/../../../../arm-none-eabi/lib/thumb/v7e-m+fp/hard\libstdc++.a(eh_arm.o)
                0x08013388                __cxa_type_match
 .text.__cxa_begin_cleanup
                0x0801343c       0x64 d:/toolchain/gcc-arm-none-eabi-10.3-2021.10/bin/../lib/gcc/arm-none-eabi/10.3.1/../../../../arm-none-eabi/lib/thumb/v7e-m+fp/hard\libstdc++.a(eh_arm.o)
                0x0801343c                __cxa_begin_cleanup
 .text.__gnu_end_cleanup